<html>
<body>
<pre>
<h1>µVision Build Log</h1>
<h2>Tool Versions:</h2>
IDE-Version: µVision V5.18.0.0
Copyright (C) 2016 ARM Ltd and ARM Germany GmbH. All rights reserved.
License Information: Toby Towler, UEA, LIC=----
 
Tool Versions:
Toolchain:       MDK-Lite  Version: 5.18
Toolchain Path:  C:\Keil_v5\ARM\ARMCC\Bin
C Compiler:      Armcc.exe V5.06 update 1 (build 61)
Assembler:       Armasm.exe V5.06 update 1 (build 61)
Linker/Locator:  ArmLink.exe V5.06 update 1 (build 61)
Library Manager: ArmAr.exe V5.06 update 1 (build 61)
Hex Converter:   FromElf.exe V5.06 update 1 (build 61)
CPU DLL:         SARMCM3.DLL V5.18
Dialog DLL:      DCM.DLL V1.13.6.0
Target DLL:      STLink\ST-LINKIII-KEIL_SWO.dll V2.0.18.0
Dialog DLL:      TCM.DLL V1.14.8.0
 
<h2>Project:</h2>
C:\Users\Student\Documents\Embedded Systems\CW\Bopit\Bopit.uvprojx
Project File Date:  05/07/2024

<h2>Output:</h2>
*** Using Compiler 'V5.06 update 1 (build 61)', folder: 'C:\Keil_v5\ARM\ARMCC\Bin'
Rebuild target 'Target 1'
compiling ft5336.c...
compiling wm8994.c...
compiling stm32746g_discovery_sdram.c...
compiling main.c...
src\main.c(18): warning:  #223-D: function "SensorInit" declared implicitly
      SensorInit();
src\main.c: 1 warning, 0 errors
compiling display.c...
compiling stm32746g_discovery_audio.c...
compiling sensor.c...
sensor.c(115): warning:  #1-D: last line of file ends without a newline
  }
sensor.c: 1 warning, 0 errors
compiling GLCD_Fonts.c...
compiling stm32746g_discovery.c...
compiling game.c...
src\game.c(98): warning:  #188-D: enumerated type mixed with another type
      task = rand() % 4;
src\game.c: 1 warning, 0 errors
compiling RTX_Conf_CM.c...
compiling stm32f7xx_hal_adc.c...
compiling stm32f7xx_hal_adc_ex.c...
compiling LED_746G_Discovery.c...
compiling stm32f7xx_hal.c...
compiling stm32746g_discovery_ts.c...
compiling Touch_746G_Discovery.c...
compiling GLCD_746G_Discovery.c...
compiling stm32f7xx_hal_cortex.c...
compiling stm32f7xx_hal_i2c_ex.c...
compiling stm32f7xx_hal_dma_ex.c...
compiling stm32f7xx_hal_ltdc.c...
compiling stm32f7xx_hal_gpio.c...
compiling stm32f7xx_hal_i2c.c...
compiling stm32f7xx_hal_dma.c...
compiling stm32f7xx_hal_sai_ex.c...
compiling stm32f7xx_hal_pwr.c...
compiling stm32f7xx_hal_sai.c...
compiling stm32f7xx_hal_pwr_ex.c...
compiling stm32f7xx_hal_rcc_ex.c...
compiling stm32f7xx_hal_rcc.c...
assembling startup_stm32f746xx.s...
compiling stm32f7xx_hal_sdram.c...
compiling system_stm32f7xx.c...
compiling stm32f7xx_hal_uart.c...
compiling stm32f7xx_hal_tim_ex.c...
compiling stm32f7xx_ll_fmc.c...
compiling stm32f7xx_hal_tim.c...
linking...
Program Size: Code=24776 RO-data=6952 RW-data=188 ZI-data=268356  
".\Objects\Bopit.axf" - 0 Error(s), 3 Warning(s).

<h2>Software Packages used:</h2>

Package Vendor: ARM
                http://www.keil.com/pack/ARM.CMSIS.4.5.0.pack
                ::CMSIS:RTOS:1.0 (API)
                CMSIS (Cortex Microcontroller Software Interface Standard)
   * Component: RTOS Version: 1.0
   * Component: CORE Version: 4.3.0
   * Component: Keil RTX Version: 4.80.0

Package Vendor: Keil
                http://www.keil.com/pack/Keil.MDK-Middleware.7.0.0.pack
                ::Board Support:LED:1.00 (API)
                Keil MDK-ARM Professional Middleware for ARM Cortex-M based devices
   * Component: LED Version: 1.00
   * Component: Graphic LCD Version: 1.00
   * Component: Touchscreen Version: 1.00

Package Vendor: Keil
                http://www.keil.com/pack/Keil.STM32F7xx_DFP.2.1.0.pack
                ::Device:STM32Cube Framework (API)
                STMicroelectronics STM32F7 Series Device Support, Drivers and Examples
   * Component: STM32Cube Framework Version: 
   * Component: Classic Version: 1.0.0
   * Component: Common Version: 1.0.1
   * Component: Startup Version: 1.0.1
   * Component: DMA Version: 1.0.1
   * Component: ADC Version: 1.0.1
   * Component: Cortex Version: 1.0.1
   * Component: GPIO Version: 1.0.1
   * Component: I2C Version: 1.0.1
   * Component: RCC Version: 1.0.1
   * Component: LTDC Version: 1.0.1
   * Component: PWR Version: 1.0.1
   * Component: SAI Version: 1.0.1
   * Component: SDRAM Version: 1.0.1
   * Component: TIM Version: 1.0.1
   * Component: UART Version: 1.0.1
   * Component: Basic I/O Version: 1.0.0
   * Component: Audio Version: 1.0.0
   * Component: Touchscreen Version: 1.0.0
   * Component: LED Version: 1.0.0
   * Component: SDRAM Version: 1.0.0
   * Component: Touch Screen Version: 1.0.0
   * Component: Graphic LCD Version: 1.0.0

<h2>Collection of Component include folders:</h2>
  C:\Users\Student\Documents\Embedded Systems\CW\Bopit\RTE
  C:\Users\Student\Documents\Embedded Systems\CW\Bopit\RTE\Device\STM32F746NGHx
  C:\Keil_v5\ARM\PACK\ARM\CMSIS\4.5.0\CMSIS\Include
  C:\Keil_v5\ARM\PACK\ARM\CMSIS\4.5.0\CMSIS\RTOS\RTX\INC
  C:\Keil_v5\ARM\PACK\Keil\MDK-Middleware\7.0.0\Board
  C:\Keil_v5\ARM\PACK\Keil\STM32F7xx_DFP\2.1.0\Drivers\BSP\STM32746G-Discovery
  C:\Keil_v5\ARM\PACK\Keil\STM32F7xx_DFP\2.1.0\Drivers\CMSIS\Device\ST\STM32F7xx\Include
  C:\Keil_v5\ARM\PACK\Keil\STM32F7xx_DFP\2.1.0\Drivers\STM32F7xx_HAL_Driver\Inc
  C:\Keil_v5\ARM\PACK\Keil\STM32F7xx_DFP\2.1.0\MDK\Boards\ST\STM32F746G_Discovery\Common

<h2>Collection of Component Files used:</h2>

   * Component: ::CMSIS:RTOS:1.0 (API)

   * Component: ARM::CMSIS:CORE:4.3.0

   * Component: ARM::CMSIS:RTOS:Keil RTX:4.80.0
      Include file:  CMSIS\RTOS\RTX\UserCodeTemplates\osObjects.h
      Source file:   CMSIS\RTOS\RTX\UserCodeTemplates\Mutex.c
      Source file:   CMSIS\RTOS\RTX\UserCodeTemplates\Semaphore.c
      Source file:   CMSIS\RTOS\RTX\SRC\ARM\SVC_Table.s
      Source file:   CMSIS\RTOS\RTX\Templates\RTX_Conf_CM.c
      Source file:   CMSIS\RTOS\RTX\UserCodeTemplates\MsgQueue.c
      Source file:   CMSIS\RTOS\RTX\UserCodeTemplates\MailQueue.c
      Source file:   CMSIS\RTOS\RTX\UserCodeTemplates\MemPool.c
      Source file:   CMSIS\RTOS\RTX\UserCodeTemplates\Thread.c
      Source file:   CMSIS\RTOS\RTX\UserCodeTemplates\Timer.c
      Include file:  CMSIS\RTOS\RTX\INC\cmsis_os.h
      Source file:   CMSIS\RTOS\RTX\UserCodeTemplates\main.c
      Library file:  CMSIS\RTOS\RTX\LIB\ARM\RTX_CM4.lib

   * Component: ::Board Support:LED:1.00 (API)
      Include file:  Board\Board_LED.h

   * Component: ::Board Support:Graphic LCD:1.00 (API)
      Include file:  Board\Board_GLCD.h

   * Component: ::Board Support:Touchscreen:1.00 (API)
      Include file:  Board\Board_Touch.h

   * Component: ::Device:STM32Cube Framework (API)

   * Component: Keil::Device:STM32Cube Framework:Classic:1.0.0
      Source file:   MDK\Templates\Src\stm32f7xx_hal_msp.c
      Include file:  MDK\Templates\Inc\main.h
      Source file:   MDK\Templates\Src\main.c
      Include file:  CMSIS\Driver\Config\RTE_Device.h
      Include file:  MDK\Templates\Inc\stm32f7xx_hal_conf.h
      Source file:   MDK\Templates\Src\stm32f7xx_it.c
      Include file:  MDK\Templates\Inc\stm32f7xx_it.h

   * Component: Keil::Device:STM32Cube HAL:Common:1.0.1
      Include file:  Drivers\STM32F7xx_HAL_Driver\Inc\stm32f7xx_hal.h
      Source file:   Drivers\STM32F7xx_HAL_Driver\Src\stm32f7xx_hal.c

   * Component: Keil::Device:Startup:1.0.1
      Source file:   MDK\Device\Source\ARM\STM32F7xx_OPT.s
      Source file:   Drivers\CMSIS\Device\ST\STM32F7xx\Source\Templates\arm\startup_stm32f746xx.s
      Include file:  Drivers\CMSIS\Device\ST\STM32F7xx\Include\stm32f7xx.h
      Source file:   Drivers\CMSIS\Device\ST\STM32F7xx\Source\Templates\system_stm32f7xx.c
      Source file:   MDK\Device\Source\ARM\STM32F7xx_OTP.s

   * Component: Keil::Device:STM32Cube HAL:DMA:1.0.1
      Source file:   Drivers\STM32F7xx_HAL_Driver\Src\stm32f7xx_hal_dma.c
      Source file:   Drivers\STM32F7xx_HAL_Driver\Src\stm32f7xx_hal_dma_ex.c

   * Component: Keil::Device:STM32Cube HAL:ADC:1.0.1
      Source file:   Drivers\STM32F7xx_HAL_Driver\Src\stm32f7xx_hal_adc_ex.c
      Source file:   Drivers\STM32F7xx_HAL_Driver\Src\stm32f7xx_hal_adc.c

   * Component: Keil::Device:STM32Cube HAL:Cortex:1.0.1
      Source file:   Drivers\STM32F7xx_HAL_Driver\Src\stm32f7xx_hal_cortex.c

   * Component: Keil::Device:STM32Cube HAL:GPIO:1.0.1
      Source file:   Drivers\STM32F7xx_HAL_Driver\Src\stm32f7xx_hal_gpio.c

   * Component: Keil::Device:STM32Cube HAL:I2C:1.0.1
      Source file:   Drivers\STM32F7xx_HAL_Driver\Src\stm32f7xx_hal_i2c_ex.c
      Source file:   Drivers\STM32F7xx_HAL_Driver\Src\stm32f7xx_hal_i2c.c

   * Component: Keil::Device:STM32Cube HAL:RCC:1.0.1
      Source file:   Drivers\STM32F7xx_HAL_Driver\Src\stm32f7xx_hal_rcc.c
      Source file:   Drivers\STM32F7xx_HAL_Driver\Src\stm32f7xx_hal_rcc_ex.c

   * Component: Keil::Device:STM32Cube HAL:LTDC:1.0.1
      Source file:   Drivers\STM32F7xx_HAL_Driver\Src\stm32f7xx_hal_ltdc.c

   * Component: Keil::Device:STM32Cube HAL:PWR:1.0.1
      Source file:   Drivers\STM32F7xx_HAL_Driver\Src\stm32f7xx_hal_pwr_ex.c
      Source file:   Drivers\STM32F7xx_HAL_Driver\Src\stm32f7xx_hal_pwr.c

   * Component: Keil::Device:STM32Cube HAL:SAI:1.0.1
      Source file:   Drivers\STM32F7xx_HAL_Driver\Src\stm32f7xx_hal_sai_ex.c
      Source file:   Drivers\STM32F7xx_HAL_Driver\Src\stm32f7xx_hal_sai.c

   * Component: Keil::Device:STM32Cube HAL:SDRAM:1.0.1
      Source file:   Drivers\STM32F7xx_HAL_Driver\Src\stm32f7xx_ll_fmc.c
      Source file:   Drivers\STM32F7xx_HAL_Driver\Src\stm32f7xx_hal_sdram.c

   * Component: Keil::Device:STM32Cube HAL:TIM:1.0.1
      Source file:   Drivers\STM32F7xx_HAL_Driver\Src\stm32f7xx_hal_tim.c
      Source file:   Drivers\STM32F7xx_HAL_Driver\Src\stm32f7xx_hal_tim_ex.c

   * Component: Keil::Device:STM32Cube HAL:UART:1.0.1
      Source file:   Drivers\STM32F7xx_HAL_Driver\Src\stm32f7xx_hal_uart.c

   * Component: Keil.STM32F746G-Discovery::Board Support:Drivers:Basic I/O:1.0.0
      Include file:  Drivers\BSP\STM32746G-Discovery\stm32746g_discovery.h
      Source file:   Drivers\BSP\STM32746G-Discovery\stm32746g_discovery.c

   * Component: Keil.STM32F746G-Discovery::Board Support:Drivers:Audio:1.0.0
      Source file:   Drivers\BSP\STM32746G-Discovery\stm32746g_discovery_audio.c
      Source file:   Drivers\BSP\Components\wm8994\wm8994.c
      Include file:  Drivers\BSP\STM32746G-Discovery\stm32746g_discovery_audio.h

   * Component: Keil.STM32F746G-Discovery::Board Support:Touchscreen:1.0.0
      Source file:   MDK\Boards\ST\STM32F746G_Discovery\Common\Touch_746G_Discovery.c

   * Component: Keil.STM32F746G-Discovery::Board Support:LED:1.0.0
      Source file:   MDK\Boards\ST\STM32F746G_Discovery\Common\LED_746G_Discovery.c

   * Component: Keil.STM32F746G-Discovery::Board Support:Drivers:SDRAM:1.0.0
      Source file:   Drivers\BSP\STM32746G-Discovery\stm32746g_discovery_sdram.c
      Include file:  Drivers\BSP\STM32746G-Discovery\stm32746g_discovery_sdram.h

   * Component: Keil.STM32F746G-Discovery::Board Support:Drivers:Touch Screen:1.0.0
      Include file:  Drivers\BSP\STM32746G-Discovery\stm32746g_discovery_ts.h
      Source file:   Drivers\BSP\Components\ft5336\ft5336.c
      Source file:   Drivers\BSP\STM32746G-Discovery\stm32746g_discovery_ts.c

   * Component: Keil.STM32F746G-Discovery::Board Support:Graphic LCD:1.0.0
      Source file:   MDK\Boards\ST\STM32F746G_Discovery\Common\GLCD_746G_Discovery.c
      Include file:  MDK\Boards\ST\STM32F746G_Discovery\Common\GLCD_Config.h
      Source file:   MDK\Boards\ST\STM32F746G_Discovery\Common\GLCD_Fonts.c
Build Time Elapsed:  00:00:17
</pre>
</body>
</html>
