Component: ARM Compiler 5.06 update 1 (build 61) Tool: armlink [4d35a8]

==============================================================================

Section Cross References

    sensortesting.o(i.MX_ADC_Init) refers to stm32f7xx_hal_adc.o(i.HAL_ADC_Init) for HAL_ADC_Init
    sensortesting.o(i.MX_ADC_Init) refers to stm32f7xx_hal_adc.o(i.HAL_ADC_ConfigChannel) for HAL_ADC_ConfigChannel
    sensortesting.o(i.MX_ADC_Init) refers to stm32f7xx_hal_adc.o(i.HAL_ADC_Start) for HAL_ADC_Start
    sensortesting.o(i.MX_ADC_Init) refers to stm32f7xx_hal_adc.o(i.HAL_ADC_PollForConversion) for HAL_ADC_PollForConversion
    sensortesting.o(i.MX_ADC_Init) refers to sensortesting.o(.bss) for hadc
    sensortesting.o(i.MX_GPIO_Init) refers to stm32f7xx_hal_gpio.o(i.HAL_GPIO_Init) for HAL_GPIO_Init
    sensortesting.o(i.MX_GPIO_Init) refers to sensortesting.o(.bss) for GPIO_InitStruct
    sensortesting.o(i.SystemClock_Config) refers to stm32f7xx_hal_rcc.o(i.HAL_RCC_OscConfig) for HAL_RCC_OscConfig
    sensortesting.o(i.SystemClock_Config) refers to stm32f7xx_hal_rcc.o(i.HAL_RCC_ClockConfig) for HAL_RCC_ClockConfig
    sensortesting.o(i.main) refers to sensortesting.o(i.photoresistorSensor) for photoresistorSensor
    sensortesting.o(i.photoresistorSensor) refers to led_746g_discovery.o(i.LED_Initialize) for LED_Initialize
    sensortesting.o(i.photoresistorSensor) refers to sensortesting.o(i.MX_GPIO_Init) for MX_GPIO_Init
    sensortesting.o(i.photoresistorSensor) refers to sensortesting.o(i.MX_ADC_Init) for MX_ADC_Init
    sensortesting.o(i.photoresistorSensor) refers to stm32f7xx_hal.o(i.HAL_Init) for HAL_Init
    sensortesting.o(i.photoresistorSensor) refers to stm32f7xx_hal_adc.o(i.HAL_ADC_GetValue) for HAL_ADC_GetValue
    sensortesting.o(i.photoresistorSensor) refers to led_746g_discovery.o(i.LED_On) for LED_On
    sensortesting.o(i.photoresistorSensor) refers to led_746g_discovery.o(i.LED_Off) for LED_Off
    sensortesting.o(i.photoresistorSensor) refers to sensortesting.o(.bss) for hadc
    sensortesting.o(i.touchSensor) refers to led_746g_discovery.o(i.LED_Initialize) for LED_Initialize
    sensortesting.o(i.touchSensor) refers to stm32f7xx_hal_gpio.o(i.HAL_GPIO_Init) for HAL_GPIO_Init
    sensortesting.o(i.touchSensor) refers to stm32f7xx_hal_gpio.o(i.HAL_GPIO_ReadPin) for HAL_GPIO_ReadPin
    sensortesting.o(i.touchSensor) refers to led_746g_discovery.o(i.LED_On) for LED_On
    sensortesting.o(i.touchSensor) refers to led_746g_discovery.o(i.LED_Off) for LED_Off
    stm32746g_discovery_sdram.o(i.BSP_SDRAM_DMA_IRQHandler) refers to stm32f7xx_hal_dma.o(i.HAL_DMA_IRQHandler) for HAL_DMA_IRQHandler
    stm32746g_discovery_sdram.o(i.BSP_SDRAM_DMA_IRQHandler) refers to stm32746g_discovery_sdram.o(.bss) for sdramHandle
    stm32746g_discovery_sdram.o(i.BSP_SDRAM_DeInit) refers to stm32f7xx_hal_sdram.o(i.HAL_SDRAM_DeInit) for HAL_SDRAM_DeInit
    stm32746g_discovery_sdram.o(i.BSP_SDRAM_DeInit) refers to stm32746g_discovery_sdram.o(i.BSP_SDRAM_MspDeInit) for BSP_SDRAM_MspDeInit
    stm32746g_discovery_sdram.o(i.BSP_SDRAM_DeInit) refers to stm32746g_discovery_sdram.o(.bss) for sdramHandle
    stm32746g_discovery_sdram.o(i.BSP_SDRAM_DeInit) refers to stm32746g_discovery_sdram.o(.data) for sdramstatus
    stm32746g_discovery_sdram.o(i.BSP_SDRAM_Init) refers to stm32746g_discovery_sdram.o(i.BSP_SDRAM_MspInit) for BSP_SDRAM_MspInit
    stm32746g_discovery_sdram.o(i.BSP_SDRAM_Init) refers to stm32f7xx_hal_sdram.o(i.HAL_SDRAM_Init) for HAL_SDRAM_Init
    stm32746g_discovery_sdram.o(i.BSP_SDRAM_Init) refers to stm32746g_discovery_sdram.o(i.BSP_SDRAM_Initialization_sequence) for BSP_SDRAM_Initialization_sequence
    stm32746g_discovery_sdram.o(i.BSP_SDRAM_Init) refers to stm32746g_discovery_sdram.o(.bss) for sdramHandle
    stm32746g_discovery_sdram.o(i.BSP_SDRAM_Init) refers to stm32746g_discovery_sdram.o(.data) for sdramstatus
    stm32746g_discovery_sdram.o(i.BSP_SDRAM_Initialization_sequence) refers to stm32f7xx_hal_sdram.o(i.HAL_SDRAM_SendCommand) for HAL_SDRAM_SendCommand
    stm32746g_discovery_sdram.o(i.BSP_SDRAM_Initialization_sequence) refers to stm32f7xx_hal.o(i.HAL_Delay) for HAL_Delay
    stm32746g_discovery_sdram.o(i.BSP_SDRAM_Initialization_sequence) refers to stm32f7xx_hal_sdram.o(i.HAL_SDRAM_ProgramRefreshRate) for HAL_SDRAM_ProgramRefreshRate
    stm32746g_discovery_sdram.o(i.BSP_SDRAM_Initialization_sequence) refers to stm32746g_discovery_sdram.o(.bss) for Command
    stm32746g_discovery_sdram.o(i.BSP_SDRAM_MspDeInit) refers to stm32f7xx_hal_cortex.o(i.HAL_NVIC_DisableIRQ) for HAL_NVIC_DisableIRQ
    stm32746g_discovery_sdram.o(i.BSP_SDRAM_MspDeInit) refers to stm32f7xx_hal_dma.o(i.HAL_DMA_DeInit) for HAL_DMA_DeInit
    stm32746g_discovery_sdram.o(i.BSP_SDRAM_MspDeInit) refers to stm32746g_discovery_sdram.o(.bss) for dma_handle
    stm32746g_discovery_sdram.o(i.BSP_SDRAM_MspInit) refers to stm32f7xx_hal_gpio.o(i.HAL_GPIO_Init) for HAL_GPIO_Init
[...]
    ../clib/signal.s                         0x00000000   Number         0  defsig.o ABSOLUTE
    ../clib/stdlib.c                         0x00000000   Number         0  exit.o ABSOLUTE
    ../fplib/fpinit.s                        0x00000000   Number         0  fpinit.o ABSOLUTE
    ..\HAL_CM.c                              0x00000000   Number         0  hal_cm.o ABSOLUTE
    ..\\rt_CMSIS.c                           0x00000000   Number         0  rt_cmsis.o ABSOLUTE
    ..\\rt_System.c                          0x00000000   Number         0  rt_system.o ABSOLUTE
    ..\rt_CMSIS.c                            0x00000000   Number         0  rt_cmsis.o ABSOLUTE
    ..\rt_Event.c                            0x00000000   Number         0  rt_event.o ABSOLUTE
    ..\rt_List.c                             0x00000000   Number         0  rt_list.o ABSOLUTE
    ..\rt_Mailbox.c                          0x00000000   Number         0  rt_mailbox.o ABSOLUTE
    ..\rt_MemBox.c                           0x00000000   Number         0  rt_membox.o ABSOLUTE
    ..\rt_Memory.c                           0x00000000   Number         0  rt_memory.o ABSOLUTE
    ..\rt_Mutex.c                            0x00000000   Number         0  rt_mutex.o ABSOLUTE
    ..\rt_Robin.c                            0x00000000   Number         0  rt_robin.o ABSOLUTE
    ..\rt_Semaphore.c                        0x00000000   Number         0  rt_semaphore.o ABSOLUTE
    ..\rt_System.c                           0x00000000   Number         0  rt_system.o ABSOLUTE
    ..\rt_Task.c                             0x00000000   Number         0  rt_task.o ABSOLUTE
    ..\rt_Time.c                             0x00000000   Number         0  rt_time.o ABSOLUTE
    C:\Keil_v5\ARM\PACK\Keil\STM32F7xx_DFP\2.1.0\Drivers\BSP\STM32746G-Discovery\stm32746g_discovery_sdram.c 0x00000000   Number         0  stm32746g_discovery_sdram.o ABSOLUTE
    C:\Keil_v5\ARM\PACK\Keil\STM32F7xx_DFP\2.1.0\Drivers\STM32F7xx_HAL_Driver\Src\stm32f7xx_hal.c 0x00000000   Number         0  stm32f7xx_hal.o ABSOLUTE
    C:\Keil_v5\ARM\PACK\Keil\STM32F7xx_DFP\2.1.0\Drivers\STM32F7xx_HAL_Driver\Src\stm32f7xx_hal_adc.c 0x00000000   Number         0  stm32f7xx_hal_adc.o ABSOLUTE
    C:\Keil_v5\ARM\PACK\Keil\STM32F7xx_DFP\2.1.0\Drivers\STM32F7xx_HAL_Driver\Src\stm32f7xx_hal_adc_ex.c 0x00000000   Number         0  stm32f7xx_hal_adc_ex.o ABSOLUTE
    C:\Keil_v5\ARM\PACK\Keil\STM32F7xx_DFP\2.1.0\Drivers\STM32F7xx_HAL_Driver\Src\stm32f7xx_hal_cortex.c 0x00000000   Number         0  stm32f7xx_hal_cortex.o ABSOLUTE
    C:\Keil_v5\ARM\PACK\Keil\STM32F7xx_DFP\2.1.0\Drivers\STM32F7xx_HAL_Driver\Src\stm32f7xx_hal_dma.c 0x00000000   Number         0  stm32f7xx_hal_dma.o ABSOLUTE
    C:\Keil_v5\ARM\PACK\Keil\STM32F7xx_DFP\2.1.0\Drivers\STM32F7xx_HAL_Driver\Src\stm32f7xx_hal_dma_ex.c 0x00000000   Number         0  stm32f7xx_hal_dma_ex.o ABSOLUTE
    C:\Keil_v5\ARM\PACK\Keil\STM32F7xx_DFP\2.1.0\Drivers\STM32F7xx_HAL_Driver\Src\stm32f7xx_hal_gpio.c 0x00000000   Number         0  stm32f7xx_hal_gpio.o ABSOLUTE
    C:\Keil_v5\ARM\PACK\Keil\STM32F7xx_DFP\2.1.0\Drivers\STM32F7xx_HAL_Driver\Src\stm32f7xx_hal_ltdc.c 0x00000000   Number         0  stm32f7xx_hal_ltdc.o ABSOLUTE
    C:\Keil_v5\ARM\PACK\Keil\STM32F7xx_DFP\2.1.0\Drivers\STM32F7xx_HAL_Driver\Src\stm32f7xx_hal_pwr.c 0x00000000   Number         0  stm32f7xx_hal_pwr.o ABSOLUTE
    C:\Keil_v5\ARM\PACK\Keil\STM32F7xx_DFP\2.1.0\Drivers\STM32F7xx_HAL_Driver\Src\stm32f7xx_hal_pwr_ex.c 0x00000000   Number         0  stm32f7xx_hal_pwr_ex.o ABSOLUTE
    C:\Keil_v5\ARM\PACK\Keil\STM32F7xx_DFP\2.1.0\Drivers\STM32F7xx_HAL_Driver\Src\stm32f7xx_hal_rcc.c 0x00000000   Number         0  stm32f7xx_hal_rcc.o ABSOLUTE
    C:\Keil_v5\ARM\PACK\Keil\STM32F7xx_DFP\2.1.0\Drivers\STM32F7xx_HAL_Driver\Src\stm32f7xx_hal_rcc_ex.c 0x00000000   Number         0  stm32f7xx_hal_rcc_ex.o ABSOLUTE
    C:\Keil_v5\ARM\PACK\Keil\STM32F7xx_DFP\2.1.0\Drivers\STM32F7xx_HAL_Driver\Src\stm32f7xx_hal_sdram.c 0x00000000   Number         0  stm32f7xx_hal_sdram.o ABSOLUTE
    C:\Keil_v5\ARM\PACK\Keil\STM32F7xx_DFP\2.1.0\Drivers\STM32F7xx_HAL_Driver\Src\stm32f7xx_ll_fmc.c 0x00000000   Number         0  stm32f7xx_ll_fmc.o ABSOLUTE
    C:\Keil_v5\ARM\PACK\Keil\STM32F7xx_DFP\2.1.0\MDK\Boards\ST\STM32F746G_Discovery\Common\GLCD_746G_Discovery.c 0x00000000   Number         0  glcd_746g_discovery.o ABSOLUTE
    C:\Keil_v5\ARM\PACK\Keil\STM32F7xx_DFP\2.1.0\MDK\Boards\ST\STM32F746G_Discovery\Common\GLCD_Fonts.c 0x00000000   Number         0  glcd_fonts.o ABSOLUTE
    C:\Keil_v5\ARM\PACK\Keil\STM32F7xx_DFP\2.1.0\MDK\Boards\ST\STM32F746G_Discovery\Common\LED_746G_Discovery.c 0x00000000   Number         0  led_746g_discovery.o ABSOLUTE
    C:\\Keil_v5\\ARM\\PACK\\Keil\\STM32F7xx_DFP\\2.1.0\\Drivers\\BSP\\STM32746G-Discovery\\stm32746g_discovery_sdram.c 0x00000000   Number         0  stm32746g_discovery_sdram.o ABSOLUTE
    C:\\Keil_v5\\ARM\\PACK\\Keil\\STM32F7xx_DFP\\2.1.0\\Drivers\\STM32F7xx_HAL_Driver\\Src\\stm32f7xx_hal.c 0x00000000   Number         0  stm32f7xx_hal.o ABSOLUTE
    C:\\Keil_v5\\ARM\\PACK\\Keil\\STM32F7xx_DFP\\2.1.0\\Drivers\\STM32F7xx_HAL_Driver\\Src\\stm32f7xx_hal_adc.c 0x00000000   Number         0  stm32f7xx_hal_adc.o ABSOLUTE
    C:\\Keil_v5\\ARM\\PACK\\Keil\\STM32F7xx_DFP\\2.1.0\\Drivers\\STM32F7xx_HAL_Driver\\Src\\stm32f7xx_hal_adc_ex.c 0x00000000   Number         0  stm32f7xx_hal_adc_ex.o ABSOLUTE
    C:\\Keil_v5\\ARM\\PACK\\Keil\\STM32F7xx_DFP\\2.1.0\\Drivers\\STM32F7xx_HAL_Driver\\Src\\stm32f7xx_hal_cortex.c 0x00000000   Number         0  stm32f7xx_hal_cortex.o ABSOLUTE
    C:\\Keil_v5\\ARM\\PACK\\Keil\\STM32F7xx_DFP\\2.1.0\\Drivers\\STM32F7xx_HAL_Driver\\Src\\stm32f7xx_hal_dma.c 0x00000000   Number         0  stm32f7xx_hal_dma.o ABSOLUTE
    C:\\Keil_v5\\ARM\\PACK\\Keil\\STM32F7xx_DFP\\2.1.0\\Drivers\\STM32F7xx_HAL_Driver\\Src\\stm32f7xx_hal_dma_ex.c 0x00000000   Number         0  stm32f7xx_hal_dma_ex.o ABSOLUTE
    C:\\Keil_v5\\ARM\\PACK\\Keil\\STM32F7xx_DFP\\2.1.0\\Drivers\\STM32F7xx_HAL_Driver\\Src\\stm32f7xx_hal_gpio.c 0x00000000   Number         0  stm32f7xx_hal_gpio.o ABSOLUTE
    C:\\Keil_v5\\ARM\\PACK\\Keil\\STM32F7xx_DFP\\2.1.0\\Drivers\\STM32F7xx_HAL_Driver\\Src\\stm32f7xx_hal_ltdc.c 0x00000000   Number         0  stm32f7xx_hal_ltdc.o ABSOLUTE
    C:\\Keil_v5\\ARM\\PACK\\Keil\\STM32F7xx_DFP\\2.1.0\\Drivers\\STM32F7xx_HAL_Driver\\Src\\stm32f7xx_hal_pwr.c 0x00000000   Number         0  stm32f7xx_hal_pwr.o ABSOLUTE
    C:\\Keil_v5\\ARM\\PACK\\Keil\\STM32F7xx_DFP\\2.1.0\\Drivers\\STM32F7xx_HAL_Driver\\Src\\stm32f7xx_hal_pwr_ex.c 0x00000000   Number         0  stm32f7xx_hal_pwr_ex.o ABSOLUTE
    C:\\Keil_v5\\ARM\\PACK\\Keil\\STM32F7xx_DFP\\2.1.0\\Drivers\\STM32F7xx_HAL_Driver\\Src\\stm32f7xx_hal_rcc.c 0x00000000   Number         0  stm32f7xx_hal_rcc.o ABSOLUTE
    C:\\Keil_v5\\ARM\\PACK\\Keil\\STM32F7xx_DFP\\2.1.0\\Drivers\\STM32F7xx_HAL_Driver\\Src\\stm32f7xx_hal_rcc_ex.c 0x00000000   Number         0  stm32f7xx_hal_rcc_ex.o ABSOLUTE
    C:\\Keil_v5\\ARM\\PACK\\Keil\\STM32F7xx_DFP\\2.1.0\\Drivers\\STM32F7xx_HAL_Driver\\Src\\stm32f7xx_hal_sdram.c 0x00000000   Number         0  stm32f7xx_hal_sdram.o ABSOLUTE
    C:\\Keil_v5\\ARM\\PACK\\Keil\\STM32F7xx_DFP\\2.1.0\\Drivers\\STM32F7xx_HAL_Driver\\Src\\stm32f7xx_ll_fmc.c 0x00000000   Number         0  stm32f7xx_ll_fmc.o ABSOLUTE
    C:\\Keil_v5\\ARM\\PACK\\Keil\\STM32F7xx_DFP\\2.1.0\\MDK\\Boards\\ST\\STM32F746G_Discovery\\Common\\GLCD_746G_Discovery.c 0x00000000   Number         0  glcd_746g_discovery.o ABSOLUTE
    C:\\Keil_v5\\ARM\\PACK\\Keil\\STM32F7xx_DFP\\2.1.0\\MDK\\Boards\\ST\\STM32F746G_Discovery\\Common\\LED_746G_Discovery.c 0x00000000   Number         0  led_746g_discovery.o ABSOLUTE
    HAL_CM4.c                                0x00000000   Number         0  hal_cm4.o ABSOLUTE
    HAL_CM4.c                                0x00000000   Number         0  hal_cm4.o ABSOLUTE
    RTE\CMSIS\RTX_Conf_CM.c                  0x00000000   Number         0  rtx_conf_cm.o ABSOLUTE
    RTE\Device\STM32F746NGHx\startup_stm32f746xx.s 0x00000000   Number         0  startup_stm32f746xx.o ABSOLUTE
    RTE\Device\STM32F746NGHx\system_stm32f7xx.c 0x00000000   Number         0  system_stm32f7xx.o ABSOLUTE
    RTE\\CMSIS\\RTX_Conf_CM.c                0x00000000   Number         0  rtx_conf_cm.o ABSOLUTE
    RTE\\Device\\STM32F746NGHx\\system_stm32f7xx.c 0x00000000   Number         0  system_stm32f7xx.o ABSOLUTE
    SVC_Table.s                              0x00000000   Number         0  svc_table.o ABSOLUTE
    SensorTesting.c                          0x00000000   Number         0  sensortesting.o ABSOLUTE
    SensorTesting.c                          0x00000000   Number         0  sensortesting.o ABSOLUTE
    dc.s                                     0x00000000   Number         0  dc.o ABSOLUTE
    RESET                                    0x08000000   Section      456  startup_stm32f746xx.o(RESET)
    !!!main                                  0x080001c8   Section        8  __main.o(!!!main)
    !!!scatter                               0x080001d0   Section       52  __scatter.o(!!!scatter)
    !!handler_copy                           0x08000204   Section       26  __scatter_copy.o(!!handler_copy)
    !!handler_zi                             0x08000220   Section       28  __scatter_zi.o(!!handler_zi)
    .ARM.Collect$$libinit$$00000000          0x0800023c   Section        2  libinit.o(.ARM.Collect$$libinit$$00000000)
    .ARM.Collect$$libinit$$00000001          0x0800023e   Section        4  libinit2.o(.ARM.Collect$$libinit$$00000001)
    .ARM.Collect$$libinit$$00000004          0x08000242   Section        0  libinit2.o(.ARM.Collect$$libinit$$00000004)
    .ARM.Collect$$libinit$$0000000A          0x08000242   Section        0  libinit2.o(.ARM.Collect$$libinit$$0000000A)
    .ARM.Collect$$libinit$$0000000C          0x08000242   Section        0  libinit2.o(.ARM.Collect$$libinit$$0000000C)
    .ARM.Collect$$libinit$$0000000E          0x08000242   Section        0  libinit2.o(.ARM.Collect$$libinit$$0000000E)
    .ARM.Collect$$libinit$$00000011          0x08000242   Section        0  libinit2.o(.ARM.Collect$$libinit$$00000011)
    .ARM.Collect$$libinit$$00000013          0x08000242   Section        0  libinit2.o(.ARM.Collect$$libinit$$00000013)
    .ARM.Collect$$libinit$$00000015          0x08000242   Section        0  libinit2.o(.ARM.Collect$$libinit$$00000015)
    .ARM.Collect$$libinit$$00000017          0x08000242   Section        0  libinit2.o(.ARM.Collect$$libinit$$00000017)
    .ARM.Collect$$libinit$$00000019          0x08000242   Section        0  libinit2.o(.ARM.Collect$$libinit$$00000019)
    .ARM.Collect$$libinit$$0000001B          0x08000242   Section        0  libinit2.o(.ARM.Collect$$libinit$$0000001B)
    .ARM.Collect$$libinit$$0000001D          0x08000242   Section        0  libinit2.o(.ARM.Collect$$libinit$$0000001D)
    .ARM.Collect$$libinit$$0000001F          0x08000242   Section        0  libinit2.o(.ARM.Collect$$libinit$$0000001F)
    .ARM.Collect$$libinit$$00000021          0x08000242   Section        0  libinit2.o(.ARM.Collect$$libinit$$00000021)
    .ARM.Collect$$libinit$$00000023          0x08000242   Section        0  libinit2.o(.ARM.Collect$$libinit$$00000023)
    .ARM.Collect$$libinit$$00000025          0x08000242   Section        0  libinit2.o(.ARM.Collect$$libinit$$00000025)
    .ARM.Collect$$libinit$$0000002C          0x08000242   Section        0  libinit2.o(.ARM.Collect$$libinit$$0000002C)
    .ARM.Collect$$libinit$$0000002E          0x08000242   Section        0  libinit2.o(.ARM.Collect$$libinit$$0000002E)
    .ARM.Collect$$libinit$$00000030          0x08000242   Section        0  libinit2.o(.ARM.Collect$$libinit$$00000030)
    .ARM.Collect$$libinit$$00000032          0x08000242   Section        0  libinit2.o(.ARM.Collect$$libinit$$00000032)
    .ARM.Collect$$libinit$$00000033          0x08000242   Section        2  libinit2.o(.ARM.Collect$$libinit$$00000033)
    .ARM.Collect$$libshutdown$$00000000      0x08000244   Section        2  libshutdown.o(.ARM.Collect$$libshutdown$$00000000)
    .ARM.Collect$$libshutdown$$00000002      0x08000246   Section        0  libshutdown2.o(.ARM.Collect$$libshutdown$$00000002)
    .ARM.Collect$$libshutdown$$00000004      0x08000246   Section        0  libshutdown2.o(.ARM.Collect$$libshutdown$$00000004)
    .ARM.Collect$$libshutdown$$00000007      0x08000246   Section        0  libshutdown2.o(.ARM.Collect$$libshutdown$$00000007)
    .ARM.Collect$$libshutdown$$0000000A      0x08000246   Section        0  libshutdown2.o(.ARM.Collect$$libshutdown$$0000000A)
    .ARM.Collect$$libshutdown$$0000000C      0x08000246   Section        0  libshutdown2.o(.ARM.Collect$$libshutdown$$0000000C)
    .ARM.Collect$$libshutdown$$0000000F      0x08000246   Section        0  libshutdown2.o(.ARM.Collect$$libshutdown$$0000000F)
    .ARM.Collect$$libshutdown$$00000010      0x08000246   Section        2  libshutdown2.o(.ARM.Collect$$libshutdown$$00000010)
    .ARM.Collect$$rtentry$$00000000          0x08000248   Section        0  __rtentry.o(.ARM.Collect$$rtentry$$00000000)
    .ARM.Collect$$rtentry$$00000002          0x08000248   Section        0  __rtentry2.o(.ARM.Collect$$rtentry$$00000002)
    .ARM.Collect$$rtentry$$00000004          0x08000248   Section        6  __rtentry4.o(.ARM.Collect$$rtentry$$00000004)
    .ARM.Collect$$rtentry$$00000009          0x0800024e   Section        0  __rtentry2.o(.ARM.Collect$$rtentry$$00000009)
    .ARM.Collect$$rtentry$$0000000A          0x0800024e   Section        4  __rtentry2.o(.ARM.Collect$$rtentry$$0000000A)
    .ARM.Collect$$rtentry$$0000000B          0x08000252   Section        8  __rtentry2.o(.ARM.Collect$$rtentry$$0000000B)
    .ARM.Collect$$rtentry$$0000000D          0x0800025a   Section        8  __rtentry2.o(.ARM.Collect$$rtentry$$0000000D)
    .ARM.Collect$$rtexit$$00000000           0x08000262   Section        2  rtexit.o(.ARM.Collect$$rtexit$$00000000)
    .ARM.Collect$$rtexit$$00000002           0x08000264   Section        0  rtexit2.o(.ARM.Collect$$rtexit$$00000002)
    .ARM.Collect$$rtexit$$00000003           0x08000264   Section        4  rtexit2.o(.ARM.Collect$$rtexit$$00000003)
    .ARM.Collect$$rtexit$$00000004           0x08000268   Section        6  rtexit2.o(.ARM.Collect$$rtexit$$00000004)
    .emb_text                                0x08000270   Section       28  rtx_conf_cm.o(.emb_text)
    $v0                                      0x08000270   Number         0  rtx_conf_cm.o(.emb_text)
    .emb_text                                0x0800028c   Section      408  hal_cm4.o(.emb_text)
    $v0                                      0x0800028c   Number         0  hal_cm4.o(.emb_text)
    .text                                    0x08000424   Section       64  startup_stm32f746xx.o(.text)
    $v0                                      0x08000424   Number         0  startup_stm32f746xx.o(.text)
    .text                                    0x08000464   Section        8  libspace.o(.text)
    .text                                    0x0800046c   Section        0  exit.o(.text)
    .text                                    0x0800047e   Section        0  heapauxi.o(.text)
    .text                                    0x08000484   Section        0  sys_exit.o(.text)
    .text                                    0x08000490   Section       74  sys_stackheap_outer.o(.text)
    .text                                    0x080004da   Section        2  use_no_semi.o(.text)
    .text                                    0x080004dc   Section        0  indicate_semi.o(.text)
    SVC_TABLE                                0x080004dc   Section        4  svc_table.o(SVC_TABLE)
    i.ADC_Init                               0x080004e0   Section        0  stm32f7xx_hal_adc.o(i.ADC_Init)
    ADC_Init                                 0x080004e1   Thumb Code   362  stm32f7xx_hal_adc.o(i.ADC_Init)
    i.HAL_ADC_ConfigChannel                  0x08000658   Section        0  stm32f7xx_hal_adc.o(i.HAL_ADC_ConfigChannel)
    i.HAL_ADC_GetValue                       0x080007ec   Section        0  stm32f7xx_hal_adc.o(i.HAL_ADC_GetValue)
    i.HAL_ADC_Init                           0x080007f4   Section        0  stm32f7xx_hal_adc.o(i.HAL_ADC_Init)
    i.HAL_ADC_MspInit                        0x08000844   Section        0  stm32f7xx_hal_adc.o(i.HAL_ADC_MspInit)
    i.HAL_ADC_PollForConversion              0x08000846   Section        0  stm32f7xx_hal_adc.o(i.HAL_ADC_PollForConversion)
    i.HAL_ADC_Start                          0x080008c8   Section        0  stm32f7xx_hal_adc.o(i.HAL_ADC_Start)
    i.HAL_GPIO_Init                          0x08000990   Section        0  stm32f7xx_hal_gpio.o(i.HAL_GPIO_Init)
    i.HAL_GPIO_WritePin                      0x08000ba8   Section        0  stm32f7xx_hal_gpio.o(i.HAL_GPIO_WritePin)
    i.HAL_GetTick                            0x08000bb4   Section        0  stm32f7xx_hal.o(i.HAL_GetTick)
    i.HAL_Init                               0x08000bc0   Section        0  stm32f7xx_hal.o(i.HAL_Init)
    i.HAL_InitTick                           0x08000be8   Section        0  stm32f7xx_hal.o(i.HAL_InitTick)
    i.HAL_MspInit                            0x08000c0c   Section        0  stm32f7xx_hal.o(i.HAL_MspInit)
    i.HAL_NVIC_SetPriority                   0x08000c0e   Section        0  stm32f7xx_hal_cortex.o(i.HAL_NVIC_SetPriority)
    i.HAL_NVIC_SetPriorityGrouping           0x08000c8c   Section        0  stm32f7xx_hal_cortex.o(i.HAL_NVIC_SetPriorityGrouping)
    i.HAL_RCC_GetHCLKFreq                    0x08000cb4   Section        0  stm32f7xx_hal_rcc.o(i.HAL_RCC_GetHCLKFreq)
    i.HAL_RCC_GetSysClockFreq                0x08000cec   Section        0  stm32f7xx_hal_rcc.o(i.HAL_RCC_GetSysClockFreq)
    i.HAL_SYSTICK_Config                     0x08000da0   Section        0  stm32f7xx_hal_cortex.o(i.HAL_SYSTICK_Config)
    i.LED_Initialize                         0x08000dd4   Section        0  led_746g_discovery.o(i.LED_Initialize)
    i.LED_Off                                0x08000e1c   Section        0  led_746g_discovery.o(i.LED_Off)
    i.LED_On                                 0x08000e3c   Section        0  led_746g_discovery.o(i.LED_On)
    i.MX_ADC_Init                            0x08000e5c   Section        0  sensortesting.o(i.MX_ADC_Init)
    i.MX_GPIO_Init                           0x08000ed4   Section        0  sensortesting.o(i.MX_GPIO_Init)
    i.NVIC_GetPriorityGrouping               0x08000f14   Section        0  stm32f7xx_hal_cortex.o(i.NVIC_GetPriorityGrouping)
    NVIC_GetPriorityGrouping                 0x08000f15   Thumb Code    10  stm32f7xx_hal_cortex.o(i.NVIC_GetPriorityGrouping)
    i.NVIC_SetPriority                       0x08000f24   Section        0  stm32f7xx_hal_cortex.o(i.NVIC_SetPriority)
    NVIC_SetPriority                         0x08000f25   Thumb Code    32  stm32f7xx_hal_cortex.o(i.NVIC_SetPriority)
    i.SystemInit                             0x08000f4c   Section        0  system_stm32f7xx.o(i.SystemInit)
    i._init_box                              0x08000fb0   Section        0  rt_membox.o(i._init_box)
    i._mutex_acquire                         0x08000ff8   Section        0  rtx_conf_cm.o(i._mutex_acquire)
    __tagsym$$used                           0x08000ff9   Number         0  rtx_conf_cm.o(i._mutex_acquire)
    i._mutex_release                         0x08001018   Section        0  rtx_conf_cm.o(i._mutex_release)
    __tagsym$$used                           0x08001019   Number         0  rtx_conf_cm.o(i._mutex_release)
    i.dbg_init                               0x08001034   Section        0  hal_cm.o(i.dbg_init)
    i.dbg_task_notify                        0x08001064   Section        0  hal_cm.o(i.dbg_task_notify)
    i.dbg_task_switch                        0x08001084   Section        0  hal_cm.o(i.dbg_task_switch)
    i.isrMessageGet                          0x08001094   Section        0  rt_cmsis.o(i.isrMessageGet)
    i.isrMessagePut                          0x080010be   Section        0  rt_cmsis.o(i.isrMessagePut)
    i.isr_mbx_receive                        0x080010ec   Section        0  rt_mailbox.o(i.isr_mbx_receive)
    i.isr_mbx_send                           0x0800113e   Section        0  rt_mailbox.o(i.isr_mbx_send)
    i.main                                   0x0800114c   Section        0  sensortesting.o(i.main)
    i.osKernelInitialize                     0x08001150   Section        0  rt_cmsis.o(i.osKernelInitialize)
    i.osKernelStart                          0x08001174   Section        0  rt_cmsis.o(i.osKernelStart)
    i.osMessageGet                           0x080011e0   Section        0  rt_cmsis.o(i.osMessageGet)
    i.osThreadCreate                         0x080011f8   Section        0  rt_cmsis.o(i.osThreadCreate)
    i.osThreadExit                           0x08001228   Section        0  rt_cmsis.o(i.osThreadExit)
    i.osTimerCall                            0x08001240   Section        0  rt_cmsis.o(i.osTimerCall)
    i.osTimerThread                          0x0800124c   Section        0  rt_cmsis.o(i.osTimerThread)
    i.os_error                               0x08001278   Section        0  rtx_conf_cm.o(i.os_error)
    i.os_idle_demon                          0x0800129a   Section        0  rtx_conf_cm.o(i.os_idle_demon)
    i.os_tick_init                           0x080012a0   Section        0  rt_system.o(i.os_tick_init)
    i.os_tick_irqack                         0x080012c8   Section        0  rt_system.o(i.os_tick_irqack)
    i.photoresistorSensor                    0x080012cc   Section        0  sensortesting.o(i.photoresistorSensor)
    i.rt_alloc_box                           0x08001328   Section        0  rt_membox.o(i.rt_alloc_box)
    i.rt_alloc_mem                           0x08001342   Section        0  rt_memory.o(i.rt_alloc_mem)
    i.rt_block                               0x08001380   Section        0  rt_task.o(i.rt_block)
    i.rt_chk_robin                           0x080013b8   Section        0  rt_robin.o(i.rt_chk_robin)
    i.rt_dec_dly                             0x08001400   Section        0  rt_list.o(i.rt_dec_dly)
    i.rt_dispatch                            0x08001470   Section        0  rt_task.o(i.rt_dispatch)
    i.rt_evt_psh                             0x080014b4   Section        0  rt_event.o(i.rt_evt_psh)
    i.rt_free_box                            0x08001504   Section        0  rt_membox.o(i.rt_free_box)
    i.rt_free_mem                            0x08001530   Section        0  rt_memory.o(i.rt_free_mem)
    i.rt_get_first                           0x08001558   Section        0  rt_list.o(i.rt_get_first)
    i.rt_id2obj                              0x08001580   Section        0  rt_cmsis.o(i.rt_id2obj)
    rt_id2obj                                0x08001581   Thumb Code     8  rt_cmsis.o(i.rt_id2obj)
    i.rt_init_context                        0x08001588   Section        0  rt_task.o(i.rt_init_context)
    rt_init_context                          0x08001589   Thumb Code    66  rt_task.o(i.rt_init_context)
    i.rt_init_mem                            0x080015d0   Section        0  rt_memory.o(i.rt_init_mem)
    i.rt_init_robin                          0x080015ec   Section        0  rt_robin.o(i.rt_init_robin)
    i.rt_init_stack                          0x08001604   Section        0  hal_cm.o(i.rt_init_stack)
    i.rt_mbx_check                           0x08001684   Section        0  rt_mailbox.o(i.rt_mbx_check)
    i.rt_mbx_init                            0x0800168c   Section        0  rt_mailbox.o(i.rt_mbx_init)
    i.rt_mbx_psh                             0x080016a8   Section        0  rt_mailbox.o(i.rt_mbx_psh)
    i.rt_mbx_wait                            0x08001798   Section        0  rt_mailbox.o(i.rt_mbx_wait)
    i.rt_ms2tick                             0x0800184c   Section        0  rt_cmsis.o(i.rt_ms2tick)
    rt_ms2tick                               0x0800184d   Thumb Code    58  rt_cmsis.o(i.rt_ms2tick)
    i.rt_mut_release                         0x08001890   Section        0  rt_mutex.o(i.rt_mut_release)
    i.rt_mut_wait                            0x08001968   Section        0  rt_mutex.o(i.rt_mut_wait)
    i.rt_pop_req                             0x080019d0   Section        0  rt_system.o(i.rt_pop_req)
    i.rt_psh_req                             0x08001a4c   Section        0  rt_system.o(i.rt_psh_req)
    i.rt_psq_enq                             0x08001a6c   Section        0  rt_list.o(i.rt_psq_enq)
    i.rt_put_dly                             0x08001ac8   Section        0  rt_list.o(i.rt_put_dly)
    i.rt_put_prio                            0x08001b10   Section        0  rt_list.o(i.rt_put_prio)
    i.rt_put_rdy_first                       0x08001b48   Section        0  rt_list.o(i.rt_put_rdy_first)
    i.rt_resort_prio                         0x08001b5c   Section        0  rt_list.o(i.rt_resort_prio)
    i.rt_ret_regs                            0x08001b90   Section        0  hal_cm.o(i.rt_ret_regs)
    rt_ret_regs                              0x08001b91   Thumb Code    16  hal_cm.o(i.rt_ret_regs)
    i.rt_ret_val                             0x08001ba0   Section        0  hal_cm.o(i.rt_ret_val)
    i.rt_ret_val2                            0x08001bac   Section        0  hal_cm.o(i.rt_ret_val2)
    i.rt_rmv_dly                             0x08001bbc   Section        0  rt_list.o(i.rt_rmv_dly)
    i.rt_rmv_list                            0x08001be4   Section        0  rt_list.o(i.rt_rmv_list)
    i.rt_sem_psh                             0x08001c14   Section        0  rt_semaphore.o(i.rt_sem_psh)
    i.rt_stk_check                           0x08001c48   Section        0  rt_system.o(i.rt_stk_check)
    i.rt_switch_req                          0x08001c6c   Section        0  rt_task.o(i.rt_switch_req)
    i.rt_sys_init                            0x08001c94   Section        0  rt_task.o(i.rt_sys_init)
    i.rt_sys_start                           0x08001d60   Section        0  rt_task.o(i.rt_sys_start)
    i.rt_systick                             0x08001dd8   Section        0  rt_system.o(i.rt_systick)
    i.rt_tid2ptcb                            0x08001e18   Section        0  rt_cmsis.o(i.rt_tid2ptcb)
    rt_tid2ptcb                              0x08001e19   Thumb Code    18  rt_cmsis.o(i.rt_tid2ptcb)
    i.rt_timer_insert                        0x08001e2c   Section        0  rt_cmsis.o(i.rt_timer_insert)
    rt_timer_insert                          0x08001e2d   Thumb Code    48  rt_cmsis.o(i.rt_timer_insert)
    i.rt_tsk_create                          0x08001e60   Section        0  rt_task.o(i.rt_tsk_create)
    i.rt_tsk_delete                          0x08001ee8   Section        0  rt_task.o(i.rt_tsk_delete)
    i.rt_tsk_prio                            0x08002064   Section        0  rt_task.o(i.rt_tsk_prio)
    i.rt_tsk_self                            0x080020e0   Section        0  rt_task.o(i.rt_tsk_self)
    i.svcKernelInitialize                    0x080020f0   Section        0  rt_cmsis.o(i.svcKernelInitialize)
    i.svcKernelStart                         0x08002160   Section        0  rt_cmsis.o(i.svcKernelStart)
    i.svcMessageCreate                       0x080021a8   Section        0  rt_cmsis.o(i.svcMessageCreate)
    i.svcMessageGet                          0x080021cc   Section        0  rt_cmsis.o(i.svcMessageGet)
    i.svcThreadCreate                        0x08002208   Section        0  rt_cmsis.o(i.svcThreadCreate)
    i.svcThreadGetId                         0x08002278   Section        0  rt_cmsis.o(i.svcThreadGetId)
    i.svcThreadTerminate                     0x08002294   Section        0  rt_cmsis.o(i.svcThreadTerminate)
    i.svcTimerCall                           0x080022cc   Section        0  rt_cmsis.o(i.svcTimerCall)
    i.sysTimerTick                           0x080022e4   Section        0  rt_cmsis.o(i.sysTimerTick)
    x$fpl$fpinit                             0x08002340   Section       10  fpinit.o(x$fpl$fpinit)
    $v0                                      0x08002340   Number         0  fpinit.o(x$fpl$fpinit)
    .constdata                               0x0800234c   Section        8  led_746g_discovery.o(.constdata)
    LED_PIN                                  0x0800234c   Data           8  led_746g_discovery.o(.constdata)
    .constdata                               0x08002354   Section       86  rtx_conf_cm.o(.constdata)
    __tagsym$$used                           0x08002370   Number         0  rtx_conf_cm.o(.constdata)
    __tagsym$$used                           0x08002374   Number         0  rtx_conf_cm.o(.constdata)
    __tagsym$$used                           0x08002378   Number         0  rtx_conf_cm.o(.constdata)
    __tagsym$$used                           0x0800237c   Number         0  rtx_conf_cm.o(.constdata)
    .constdata                               0x080023aa   Section       16  stm32f7xx_hal_rcc.o(.constdata)
    .data                                    0x20010000   Section       36  rtx_conf_cm.o(.data)
    nr_mutex                                 0x20010010   Data           4  rtx_conf_cm.o(.data)
    .data                                    0x20010024   Section        4  stm32f7xx_hal.o(.data)
    uwTick                                   0x20010024   Data           4  stm32f7xx_hal.o(.data)
    .data                                    0x20010028   Section        4  system_stm32f7xx.o(.data)
    .data                                    0x2001002c   Section        8  rt_cmsis.o(.data)
    .data                                    0x20010034   Section        8  rt_task.o(.data)
    .data                                    0x2001003c   Section        8  rt_system.o(.data)
    os_lock                                  0x2001003c   Data           1  rt_system.o(.data)
    os_psh_flag                              0x2001003d   Data           1  rt_system.o(.data)
    pend_flags                               0x2001003e   Data           1  rt_system.o(.data)
    .data                                    0x20010044   Section        4  rt_time.o(.data)
    .data                                    0x20010048   Section        8  rt_robin.o(.data)
    .data                                    0x20010050   Section        1  hal_cm.o(.data)
    .bss                                     0x20010054   Section       88  sensortesting.o(.bss)
    .bss                                     0x200100b0   Section     3016  rtx_conf_cm.o(.bss)
    std_libspace                             0x20010958   Data         672  rtx_conf_cm.o(.bss)
    std_libmutex                             0x20010bf8   Data         128  rtx_conf_cm.o(.bss)
    .bss                                     0x20010c78   Section       52  rt_task.o(.bss)
    .bss                                     0x20010cac   Section       48  rt_list.o(.bss)
    .bss                                     0x20010cdc   Section       96  libspace.o(.bss)
    HEAP                                     0x20010d40   Section      512  startup_stm32f746xx.o(HEAP)
    Heap_Mem                                 0x20010d40   Data         512  startup_stm32f746xx.o(HEAP)
    STACK                                    0x20010f40   Section     1024  startup_stm32f746xx.o(STACK)
    Stack_Mem                                0x20010f40   Data        1024  startup_stm32f746xx.o(STACK)
    __initial_sp                             0x20011340   Data           0  startup_stm32f746xx.o(STACK)
    .ARM.__AT_0xC0000000                     0xc0000000   Section    261120  glcd_746g_discovery.o(.ARM.__AT_0xC0000000)
    frame_buf                                0xc0000000   Data       261120  glcd_746g_discovery.o(.ARM.__AT_0xC0000000)

    Global Symbols

    Symbol Name                              Value     Ov Type        Size  Object(Section)

    BuildAttributes$$THM_ISAv4$E$P$D$K$B$S$7EM$VFPi5$EXTD16$VFPS$VFMA$PE$PLD8$A:L22UL41UL21$X:L11$S22US41US21$IEEE1$IW$USESV6$~STKCKD$USESV7$~SHL$OSPACE$ROPI$EBA8$UX$STANDARDLIB$REQ8$PRES8$EABIv2 0x00000000   Number         0  anon$$obj.o ABSOLUTE
    __ARM_use_no_argv                        0x00000000   Number         0  sensortesting.o ABSOLUTE
    __ARM_exceptions_init                     - Undefined Weak Reference
    __alloca_initialize                       - Undefined Weak Reference
    __arm_preinit_                            - Undefined Weak Reference
    __cpp_initialize__aeabi_                  - Undefined Weak Reference
    __cxa_finalize                            - Undefined Weak Reference
    __rt_locale                               - Undefined Weak Reference
    __sigvec_lookup                           - Undefined Weak Reference
    _atexit_init                              - Undefined Weak Reference
    _call_atexit_fns                          - Undefined Weak Reference
    _clock_init                               - Undefined Weak Reference
    _fp_trap_init                             - Undefined Weak Reference
    _fp_trap_shutdown                         - Undefined Weak Reference
    _get_lc_collate                           - Undefined Weak Reference
    _get_lc_ctype                             - Undefined Weak Reference
    _get_lc_monetary                          - Undefined Weak Reference
    _get_lc_numeric                           - Undefined Weak Reference
    _get_lc_time                              - Undefined Weak Reference
    _getenv_init                              - Undefined Weak Reference
    _handle_redirection                       - Undefined Weak Reference
    _init_alloc                               - Undefined Weak Reference
    _init_user_alloc                          - Undefined Weak Reference
    _initio                                   - Undefined Weak Reference
    _rand_init                                - Undefined Weak Reference
    _signal_finish                            - Undefined Weak Reference
    _signal_init                              - Undefined Weak Reference
    _terminate_alloc                          - Undefined Weak Reference
    _terminate_user_alloc                     - Undefined Weak Reference
    _terminateio                              - Undefined Weak Reference
    __Vectors_Size                           0x000001c8   Number         0  startup_stm32f746xx.o ABSOLUTE
    __RL_RTX_VER                             0x00000480   Number         0  rt_system.o ABSOLUTE
    __Vectors                                0x08000000   Data           4  startup_stm32f746xx.o(RESET)
    __Vectors_End                            0x080001c8   Data           0  startup_stm32f746xx.o(RESET)
    __main                                   0x080001c9   Thumb Code     8  __main.o(!!!main)
    __scatterload                            0x080001d1   Thumb Code     0  __scatter.o(!!!scatter)
    __scatterload_rt2                        0x080001d1   Thumb Code    44  __scatter.o(!!!scatter)
    __scatterload_rt2_thumb_only             0x080001d1   Thumb Code     0  __scatter.o(!!!scatter)
    __scatterload_null                       0x080001df   Thumb Code     0  __scatter.o(!!!scatter)
    __scatterload_copy                       0x08000205   Thumb Code    26  __scatter_copy.o(!!handler_copy)
    __scatterload_zeroinit                   0x08000221   Thumb Code    28  __scatter_zi.o(!!handler_zi)
    __rt_lib_init                            0x0800023d   Thumb Code     0  libinit.o(.ARM.Collect$$libinit$$00000000)
    __rt_lib_init_fp_1                       0x0800023f   Thumb Code     0  libinit2.o(.ARM.Collect$$libinit$$00000001)
    __rt_lib_init_alloca_1                   0x08000243   Thumb Code     0  libinit2.o(.ARM.Collect$$libinit$$0000002E)
    __rt_lib_init_argv_1                     0x08000243   Thumb Code     0  libinit2.o(.ARM.Collect$$libinit$$0000002C)
    __rt_lib_init_atexit_1                   0x08000243   Thumb Code     0  libinit2.o(.ARM.Collect$$libinit$$0000001B)
    __rt_lib_init_clock_1                    0x08000243   Thumb Code     0  libinit2.o(.ARM.Collect$$libinit$$00000021)
    __rt_lib_init_cpp_1                      0x08000243   Thumb Code     0  libinit2.o(.ARM.Collect$$libinit$$00000032)
    __rt_lib_init_exceptions_1               0x08000243   Thumb Code     0  libinit2.o(.ARM.Collect$$libinit$$00000030)
    __rt_lib_init_fp_trap_1                  0x08000243   Thumb Code     0  libinit2.o(.ARM.Collect$$libinit$$0000001F)
    __rt_lib_init_getenv_1                   0x08000243   Thumb Code     0  libinit2.o(.ARM.Collect$$libinit$$00000023)
    __rt_lib_init_heap_1                     0x08000243   Thumb Code     0  libinit2.o(.ARM.Collect$$libinit$$0000000A)
    __rt_lib_init_lc_collate_1               0x08000243   Thumb Code     0  libinit2.o(.ARM.Collect$$libinit$$00000011)
    __rt_lib_init_lc_ctype_1                 0x08000243   Thumb Code     0  libinit2.o(.ARM.Collect$$libinit$$00000013)
    __rt_lib_init_lc_monetary_1              0x08000243   Thumb Code     0  libinit2.o(.ARM.Collect$$libinit$$00000015)
    __rt_lib_init_lc_numeric_1               0x08000243   Thumb Code     0  libinit2.o(.ARM.Collect$$libinit$$00000017)
    __rt_lib_init_lc_time_1                  0x08000243   Thumb Code     0  libinit2.o(.ARM.Collect$$libinit$$00000019)
    __rt_lib_init_preinit_1                  0x08000243   Thumb Code     0  libinit2.o(.ARM.Collect$$libinit$$00000004)
    __rt_lib_init_rand_1                     0x08000243   Thumb Code     0  libinit2.o(.ARM.Collect$$libinit$$0000000E)
    __rt_lib_init_return                     0x08000243   Thumb Code     0  libinit2.o(.ARM.Collect$$libinit$$00000033)
    __rt_lib_init_signal_1                   0x08000243   Thumb Code     0  libinit2.o(.ARM.Collect$$libinit$$0000001D)
    __rt_lib_init_stdio_1                    0x08000243   Thumb Code     0  libinit2.o(.ARM.Collect$$libinit$$00000025)
    __rt_lib_init_user_alloc_1               0x08000243   Thumb Code     0  libinit2.o(.ARM.Collect$$libinit$$0000000C)
    __rt_lib_shutdown                        0x08000245   Thumb Code     0  libshutdown.o(.ARM.Collect$$libshutdown$$00000000)
    __rt_lib_shutdown_cpp_1                  0x08000247   Thumb Code     0  libshutdown2.o(.ARM.Collect$$libshutdown$$00000002)
    __rt_lib_shutdown_fp_trap_1              0x08000247   Thumb Code     0  libshutdown2.o(.ARM.Collect$$libshutdown$$00000007)
    __rt_lib_shutdown_heap_1                 0x08000247   Thumb Code     0  libshutdown2.o(.ARM.Collect$$libshutdown$$0000000F)
    __rt_lib_shutdown_return                 0x08000247   Thumb Code     0  libshutdown2.o(.ARM.Collect$$libshutdown$$00000010)
    __rt_lib_shutdown_signal_1               0x08000247   Thumb Code     0  libshutdown2.o(.ARM.Collect$$libshutdown$$0000000A)
    __rt_lib_shutdown_stdio_1                0x08000247   Thumb Code     0  libshutdown2.o(.ARM.Collect$$libshutdown$$00000004)
    __rt_lib_shutdown_user_alloc_1           0x08000247   Thumb Code     0  libshutdown2.o(.ARM.Collect$$libshutdown$$0000000C)
    __rt_entry                               0x08000249   Thumb Code     0  __rtentry.o(.ARM.Collect$$rtentry$$00000000)
    __rt_entry_presh_1                       0x08000249   Thumb Code     0  __rtentry2.o(.ARM.Collect$$rtentry$$00000002)
    __rt_entry_sh                            0x08000249   Thumb Code     0  __rtentry4.o(.ARM.Collect$$rtentry$$00000004)
    __rt_entry_li                            0x0800024f   Thumb Code     0  __rtentry2.o(.ARM.Collect$$rtentry$$0000000A)
    __rt_entry_postsh_1                      0x0800024f   Thumb Code     0  __rtentry2.o(.ARM.Collect$$rtentry$$00000009)
    __rt_entry_postli_1                      0x08000253   Thumb Code     0  __rtentry2.o(.ARM.Collect$$rtentry$$0000000B)
    __rt_entry_main                          0x0800025b   Thumb Code     0  __rtentry2.o(.ARM.Collect$$rtentry$$0000000D)
    __rt_exit                                0x08000263   Thumb Code     0  rtexit.o(.ARM.Collect$$rtexit$$00000000)
    __rt_exit_ls                             0x08000265   Thumb Code     0  rtexit2.o(.ARM.Collect$$rtexit$$00000003)
    __rt_exit_prels_1                        0x08000265   Thumb Code     0  rtexit2.o(.ARM.Collect$$rtexit$$00000002)
    __rt_exit_exit                           0x08000269   Thumb Code     0  rtexit2.o(.ARM.Collect$$rtexit$$00000004)
    _platform_post_lib_init                  0x08000271   Thumb Code    24  rtx_conf_cm.o(.emb_text)
    rt_set_PSP                               0x0800028d   Thumb Code     6  hal_cm4.o(.emb_text)
    rt_get_PSP                               0x08000293   Thumb Code     6  hal_cm4.o(.emb_text)
    os_set_env                               0x08000299   Thumb Code    24  hal_cm4.o(.emb_text)
    _alloc_box                               0x080002b5   Thumb Code    28  hal_cm4.o(.emb_text)
    _free_box                                0x080002d5   Thumb Code    28  hal_cm4.o(.emb_text)
    SVC_Handler                              0x080002f5   Thumb Code   168  hal_cm4.o(.emb_text)
    PendSV_Handler                           0x080003ad   Thumb Code    96  hal_cm4.o(.emb_text)
    SysTick_Handler                          0x08000411   Thumb Code     8  hal_cm4.o(.emb_text)
    OS_Tick_Handler                          0x08000419   Thumb Code    12  hal_cm4.o(.emb_text)
    Reset_Handler                            0x08000425   Thumb Code     8  startup_stm32f746xx.o(.text)
    NMI_Handler                              0x0800042d   Thumb Code     2  startup_stm32f746xx.o(.text)
    HardFault_Handler                        0x0800042f   Thumb Code     2  startup_stm32f746xx.o(.text)
    MemManage_Handler                        0x08000431   Thumb Code     2  startup_stm32f746xx.o(.text)
    BusFault_Handler                         0x08000433   Thumb Code     2  startup_stm32f746xx.o(.text)
    UsageFault_Handler                       0x08000435   Thumb Code     2  startup_stm32f746xx.o(.text)
    DebugMon_Handler                         0x08000439   Thumb Code     2  startup_stm32f746xx.o(.text)
    ADC_IRQHandler                           0x0800043f   Thumb Code     0  startup_stm32f746xx.o(.text)
    CAN1_RX0_IRQHandler                      0x0800043f   Thumb Code     0  startup_stm32f746xx.o(.text)
    CAN1_RX1_IRQHandler                      0x0800043f   Thumb Code     0  startup_stm32f746xx.o(.text)
    CAN1_SCE_IRQHandler                      0x0800043f   Thumb Code     0  startup_stm32f746xx.o(.text)
    CAN1_TX_IRQHandler                       0x0800043f   Thumb Code     0  startup_stm32f746xx.o(.text)
    CAN2_RX0_IRQHandler                      0x0800043f   Thumb Code     0  startup_stm32f746xx.o(.text)
    CAN2_RX1_IRQHandler                      0x0800043f   Thumb Code     0  startup_stm32f746xx.o(.text)
    CAN2_SCE_IRQHandler                      0x0800043f   Thumb Code     0  startup_stm32f746xx.o(.text)
    CAN2_TX_IRQHandler                       0x0800043f   Thumb Code     0  startup_stm32f746xx.o(.text)
    CEC_IRQHandler                           0x0800043f   Thumb Code     0  startup_stm32f746xx.o(.text)
    DCMI_IRQHandler                          0x0800043f   Thumb Code     0  startup_stm32f746xx.o(.text)
    DMA1_Stream0_IRQHandler                  0x0800043f   Thumb Code     0  startup_stm32f746xx.o(.text)
    DMA1_Stream1_IRQHandler                  0x0800043f   Thumb Code     0  startup_stm32f746xx.o(.text)
    DMA1_Stream2_IRQHandler                  0x0800043f   Thumb Code     0  startup_stm32f746xx.o(.text)
    DMA1_Stream3_IRQHandler                  0x0800043f   Thumb Code     0  startup_stm32f746xx.o(.text)
    DMA1_Stream4_IRQHandler                  0x0800043f   Thumb Code     0  startup_stm32f746xx.o(.text)
    DMA1_Stream5_IRQHandler                  0x0800043f   Thumb Code     0  startup_stm32f746xx.o(.text)
    DMA1_Stream6_IRQHandler                  0x0800043f   Thumb Code     0  startup_stm32f746xx.o(.text)
    DMA1_Stream7_IRQHandler                  0x0800043f   Thumb Code     0  startup_stm32f746xx.o(.text)
    DMA2D_IRQHandler                         0x0800043f   Thumb Code     0  startup_stm32f746xx.o(.text)
    DMA2_Stream0_IRQHandler                  0x0800043f   Thumb Code     0  startup_stm32f746xx.o(.text)
    DMA2_Stream1_IRQHandler                  0x0800043f   Thumb Code     0  startup_stm32f746xx.o(.text)
    DMA2_Stream2_IRQHandler                  0x0800043f   Thumb Code     0  startup_stm32f746xx.o(.text)
    DMA2_Stream3_IRQHandler                  0x0800043f   Thumb Code     0  startup_stm32f746xx.o(.text)
    DMA2_Stream4_IRQHandler                  0x0800043f   Thumb Code     0  startup_stm32f746xx.o(.text)
    DMA2_Stream5_IRQHandler                  0x0800043f   Thumb Code     0  startup_stm32f746xx.o(.text)
    DMA2_Stream6_IRQHandler                  0x0800043f   Thumb Code     0  startup_stm32f746xx.o(.text)
    DMA2_Stream7_IRQHandler                  0x0800043f   Thumb Code     0  startup_stm32f746xx.o(.text)
    ETH_IRQHandler                           0x0800043f   Thumb Code     0  startup_stm32f746xx.o(.text)
    ETH_WKUP_IRQHandler                      0x0800043f   Thumb Code     0  startup_stm32f746xx.o(.text)
    EXTI0_IRQHandler                         0x0800043f   Thumb Code     0  startup_stm32f746xx.o(.text)
    EXTI15_10_IRQHandler                     0x0800043f   Thumb Code     0  startup_stm32f746xx.o(.text)
    EXTI1_IRQHandler                         0x0800043f   Thumb Code     0  startup_stm32f746xx.o(.text)
    EXTI2_IRQHandler                         0x0800043f   Thumb Code     0  startup_stm32f746xx.o(.text)
    EXTI3_IRQHandler                         0x0800043f   Thumb Code     0  startup_stm32f746xx.o(.text)
    EXTI4_IRQHandler                         0x0800043f   Thumb Code     0  startup_stm32f746xx.o(.text)
    EXTI9_5_IRQHandler                       0x0800043f   Thumb Code     0  startup_stm32f746xx.o(.text)
    FLASH_IRQHandler                         0x0800043f   Thumb Code     0  startup_stm32f746xx.o(.text)
    FMC_IRQHandler                           0x0800043f   Thumb Code     0  startup_stm32f746xx.o(.text)
    FPU_IRQHandler                           0x0800043f   Thumb Code     0  startup_stm32f746xx.o(.text)
    I2C1_ER_IRQHandler                       0x0800043f   Thumb Code     0  startup_stm32f746xx.o(.text)
    I2C1_EV_IRQHandler                       0x0800043f   Thumb Code     0  startup_stm32f746xx.o(.text)
    I2C2_ER_IRQHandler                       0x0800043f   Thumb Code     0  startup_stm32f746xx.o(.text)
    I2C2_EV_IRQHandler                       0x0800043f   Thumb Code     0  startup_stm32f746xx.o(.text)
    I2C3_ER_IRQHandler                       0x0800043f   Thumb Code     0  startup_stm32f746xx.o(.text)
    I2C3_EV_IRQHandler                       0x0800043f   Thumb Code     0  startup_stm32f746xx.o(.text)
    I2C4_ER_IRQHandler                       0x0800043f   Thumb Code     0  startup_stm32f746xx.o(.text)
    I2C4_EV_IRQHandler                       0x0800043f   Thumb Code     0  startup_stm32f746xx.o(.text)
    LPTIM1_IRQHandler                        0x0800043f   Thumb Code     0  startup_stm32f746xx.o(.text)
    LTDC_ER_IRQHandler                       0x0800043f   Thumb Code     0  startup_stm32f746xx.o(.text)
    LTDC_IRQHandler                          0x0800043f   Thumb Code     0  startup_stm32f746xx.o(.text)
    OTG_FS_IRQHandler                        0x0800043f   Thumb Code     0  startup_stm32f746xx.o(.text)
    OTG_FS_WKUP_IRQHandler                   0x0800043f   Thumb Code     0  startup_stm32f746xx.o(.text)
    OTG_HS_EP1_IN_IRQHandler                 0x0800043f   Thumb Code     0  startup_stm32f746xx.o(.text)
    OTG_HS_EP1_OUT_IRQHandler                0x0800043f   Thumb Code     0  startup_stm32f746xx.o(.text)
    OTG_HS_IRQHandler                        0x0800043f   Thumb Code     0  startup_stm32f746xx.o(.text)
    OTG_HS_WKUP_IRQHandler                   0x0800043f   Thumb Code     0  startup_stm32f746xx.o(.text)
    PVD_IRQHandler                           0x0800043f   Thumb Code     0  startup_stm32f746xx.o(.text)
    QUADSPI_IRQHandler                       0x0800043f   Thumb Code     0  startup_stm32f746xx.o(.text)
    RCC_IRQHandler                           0x0800043f   Thumb Code     0  startup_stm32f746xx.o(.text)
    RNG_IRQHandler                           0x0800043f   Thumb Code     0  startup_stm32f746xx.o(.text)
    RTC_Alarm_IRQHandler                     0x0800043f   Thumb Code     0  startup_stm32f746xx.o(.text)
    RTC_WKUP_IRQHandler                      0x0800043f   Thumb Code     0  startup_stm32f746xx.o(.text)
    SAI1_IRQHandler                          0x0800043f   Thumb Code     0  startup_stm32f746xx.o(.text)
    SAI2_IRQHandler                          0x0800043f   Thumb Code     0  startup_stm32f746xx.o(.text)
    SDMMC1_IRQHandler                        0x0800043f   Thumb Code     0  startup_stm32f746xx.o(.text)
    SPDIF_RX_IRQHandler                      0x0800043f   Thumb Code     0  startup_stm32f746xx.o(.text)
    SPI1_IRQHandler                          0x0800043f   Thumb Code     0  startup_stm32f746xx.o(.text)
    SPI2_IRQHandler                          0x0800043f   Thumb Code     0  startup_stm32f746xx.o(.text)
    SPI3_IRQHandler                          0x0800043f   Thumb Code     0  startup_stm32f746xx.o(.text)
    SPI4_IRQHandler                          0x0800043f   Thumb Code     0  startup_stm32f746xx.o(.text)
    SPI5_IRQHandler                          0x0800043f   Thumb Code     0  startup_stm32f746xx.o(.text)
    SPI6_IRQHandler                          0x0800043f   Thumb Code     0  startup_stm32f746xx.o(.text)
    TAMP_STAMP_IRQHandler                    0x0800043f   Thumb Code     0  startup_stm32f746xx.o(.text)
    TIM1_BRK_TIM9_IRQHandler                 0x0800043f   Thumb Code     0  startup_stm32f746xx.o(.text)
    TIM1_CC_IRQHandler                       0x0800043f   Thumb Code     0  startup_stm32f746xx.o(.text)
    TIM1_TRG_COM_TIM11_IRQHandler            0x0800043f   Thumb Code     0  startup_stm32f746xx.o(.text)
    TIM1_UP_TIM10_IRQHandler                 0x0800043f   Thumb Code     0  startup_stm32f746xx.o(.text)
    TIM2_IRQHandler                          0x0800043f   Thumb Code     0  startup_stm32f746xx.o(.text)
    TIM3_IRQHandler                          0x0800043f   Thumb Code     0  startup_stm32f746xx.o(.text)
    TIM4_IRQHandler                          0x0800043f   Thumb Code     0  startup_stm32f746xx.o(.text)
    TIM5_IRQHandler                          0x0800043f   Thumb Code     0  startup_stm32f746xx.o(.text)
    TIM6_DAC_IRQHandler                      0x0800043f   Thumb Code     0  startup_stm32f746xx.o(.text)
    TIM7_IRQHandler                          0x0800043f   Thumb Code     0  startup_stm32f746xx.o(.text)
    TIM8_BRK_TIM12_IRQHandler                0x0800043f   Thumb Code     0  startup_stm32f746xx.o(.text)
    TIM8_CC_IRQHandler                       0x0800043f   Thumb Code     0  startup_stm32f746xx.o(.text)
    TIM8_TRG_COM_TIM14_IRQHandler            0x0800043f   Thumb Code     0  startup_stm32f746xx.o(.text)
    TIM8_UP_TIM13_IRQHandler                 0x0800043f   Thumb Code     0  startup_stm32f746xx.o(.text)
    UART4_IRQHandler                         0x0800043f   Thumb Code     0  startup_stm32f746xx.o(.text)
    UART5_IRQHandler                         0x0800043f   Thumb Code     0  startup_stm32f746xx.o(.text)
    UART7_IRQHandler                         0x0800043f   Thumb Code     0  startup_stm32f746xx.o(.text)
    UART8_IRQHandler                         0x0800043f   Thumb Code     0  startup_stm32f746xx.o(.text)
    USART1_IRQHandler                        0x0800043f   Thumb Code     0  startup_stm32f746xx.o(.text)
    USART2_IRQHandler                        0x0800043f   Thumb Code     0  startup_stm32f746xx.o(.text)
    USART3_IRQHandler                        0x0800043f   Thumb Code     0  startup_stm32f746xx.o(.text)
    USART6_IRQHandler                        0x0800043f   Thumb Code     0  startup_stm32f746xx.o(.text)
    WWDG_IRQHandler                          0x0800043f   Thumb Code     0  startup_stm32f746xx.o(.text)
    __user_initial_stackheap                 0x08000441   Thumb Code     0  startup_stm32f746xx.o(.text)
    __user_libspace                          0x08000465   Thumb Code     8  libspace.o(.text)
    __user_perproc_libspace                  0x08000465   Thumb Code     0  libspace.o(.text)
    exit                                     0x0800046d   Thumb Code    18  exit.o(.text)
    __use_two_region_memory                  0x0800047f   Thumb Code     2  heapauxi.o(.text)
    __rt_heap_escrow$2region                 0x08000481   Thumb Code     2  heapauxi.o(.text)
    __rt_heap_expand$2region                 0x08000483   Thumb Code     2  heapauxi.o(.text)
    _sys_exit                                0x08000485   Thumb Code     8  sys_exit.o(.text)
    __user_setup_stackheap                   0x08000491   Thumb Code    74  sys_stackheap_outer.o(.text)
    __I$use$semihosting                      0x080004db   Thumb Code     0  use_no_semi.o(.text)
    __use_no_semihosting_swi                 0x080004db   Thumb Code     2  use_no_semi.o(.text)
    SVC_Count                                0x080004dc   Data           4  svc_table.o(SVC_TABLE)
    __semihosting_library_function           0x080004dd   Thumb Code     0  indicate_semi.o(.text)
    SVC_Table                                0x080004e0   Data           0  svc_table.o(SVC_TABLE)
    HAL_ADC_ConfigChannel                    0x08000659   Thumb Code   386  stm32f7xx_hal_adc.o(i.HAL_ADC_ConfigChannel)
    HAL_ADC_GetValue                         0x080007ed   Thumb Code     8  stm32f7xx_hal_adc.o(i.HAL_ADC_GetValue)
    HAL_ADC_Init                             0x080007f5   Thumb Code    74  stm32f7xx_hal_adc.o(i.HAL_ADC_Init)
    HAL_ADC_MspInit                          0x08000845   Thumb Code     2  stm32f7xx_hal_adc.o(i.HAL_ADC_MspInit)
    HAL_ADC_PollForConversion                0x08000847   Thumb Code   130  stm32f7xx_hal_adc.o(i.HAL_ADC_PollForConversion)
    HAL_ADC_Start                            0x080008c9   Thumb Code   182  stm32f7xx_hal_adc.o(i.HAL_ADC_Start)
    HAL_GPIO_Init                            0x08000991   Thumb Code   484  stm32f7xx_hal_gpio.o(i.HAL_GPIO_Init)
    HAL_GPIO_WritePin                        0x08000ba9   Thumb Code    12  stm32f7xx_hal_gpio.o(i.HAL_GPIO_WritePin)
    HAL_GetTick                              0x08000bb5   Thumb Code     6  stm32f7xx_hal.o(i.HAL_GetTick)
    HAL_Init                                 0x08000bc1   Thumb Code    34  stm32f7xx_hal.o(i.HAL_Init)
    HAL_InitTick                             0x08000be9   Thumb Code    36  stm32f7xx_hal.o(i.HAL_InitTick)
    HAL_MspInit                              0x08000c0d   Thumb Code     2  stm32f7xx_hal.o(i.HAL_MspInit)
    HAL_NVIC_SetPriority                     0x08000c0f   Thumb Code   124  stm32f7xx_hal_cortex.o(i.HAL_NVIC_SetPriority)
    HAL_NVIC_SetPriorityGrouping             0x08000c8d   Thumb Code    32  stm32f7xx_hal_cortex.o(i.HAL_NVIC_SetPriorityGrouping)
    HAL_RCC_GetHCLKFreq                      0x08000cb5   Thumb Code    42  stm32f7xx_hal_rcc.o(i.HAL_RCC_GetHCLKFreq)
    HAL_RCC_GetSysClockFreq                  0x08000ced   Thumb Code   168  stm32f7xx_hal_rcc.o(i.HAL_RCC_GetSysClockFreq)
    HAL_SYSTICK_Config                       0x08000da1   Thumb Code    52  stm32f7xx_hal_cortex.o(i.HAL_SYSTICK_Config)
    LED_Initialize                           0x08000dd5   Thumb Code    62  led_746g_discovery.o(i.LED_Initialize)
    LED_Off                                  0x08000e1d   Thumb Code    28  led_746g_discovery.o(i.LED_Off)
    LED_On                                   0x08000e3d   Thumb Code    28  led_746g_discovery.o(i.LED_On)
    MX_ADC_Init                              0x08000e5d   Thumb Code   106  sensortesting.o(i.MX_ADC_Init)
    MX_GPIO_Init                             0x08000ed5   Thumb Code    52  sensortesting.o(i.MX_GPIO_Init)
    SystemInit                               0x08000f4d   Thumb Code    82  system_stm32f7xx.o(i.SystemInit)
    _init_box                                0x08000fb1   Thumb Code    70  rt_membox.o(i._init_box)
    _mutex_acquire                           0x08000ff9   Thumb Code    22  rtx_conf_cm.o(i._mutex_acquire)
    _mutex_release                           0x08001019   Thumb Code    18  rtx_conf_cm.o(i._mutex_release)
    dbg_init                                 0x08001035   Thumb Code    34  hal_cm.o(i.dbg_init)
    dbg_task_notify                          0x08001065   Thumb Code    32  hal_cm.o(i.dbg_task_notify)
    dbg_task_switch                          0x08001085   Thumb Code    16  hal_cm.o(i.dbg_task_switch)
    isrMessageGet                            0x08001095   Thumb Code    42  rt_cmsis.o(i.isrMessageGet)
    isrMessagePut                            0x080010bf   Thumb Code    44  rt_cmsis.o(i.isrMessagePut)
    isr_mbx_receive                          0x080010ed   Thumb Code    82  rt_mailbox.o(i.isr_mbx_receive)
    isr_mbx_send                             0x0800113f   Thumb Code    14  rt_mailbox.o(i.isr_mbx_send)
    main                                     0x0800114d   Thumb Code     4  sensortesting.o(i.main)
    osKernelInitialize                       0x08001151   Thumb Code    30  rt_cmsis.o(i.osKernelInitialize)
    osKernelStart                            0x08001175   Thumb Code    98  rt_cmsis.o(i.osKernelStart)
    osMessageGet                             0x080011e1   Thumb Code    18  rt_cmsis.o(i.osMessageGet)
    osThreadCreate                           0x080011f9   Thumb Code    38  rt_cmsis.o(i.osThreadCreate)
    osThreadExit                             0x08001229   Thumb Code    14  rt_cmsis.o(i.osThreadExit)
    osTimerCall                              0x08001241   Thumb Code     8  rt_cmsis.o(i.osTimerCall)
    osTimerThread                            0x0800124d   Thumb Code    38  rt_cmsis.o(i.osTimerThread)
    os_error                                 0x08001279   Thumb Code    34  rtx_conf_cm.o(i.os_error)
    os_idle_demon                            0x0800129b   Thumb Code     4  rtx_conf_cm.o(i.os_idle_demon)
    os_tick_init                             0x080012a1   Thumb Code    32  rt_system.o(i.os_tick_init)
    os_tick_irqack                           0x080012c9   Thumb Code     2  rt_system.o(i.os_tick_irqack)
    photoresistorSensor                      0x080012cd   Thumb Code    84  sensortesting.o(i.photoresistorSensor)
    rt_alloc_box                             0x08001329   Thumb Code    26  rt_membox.o(i.rt_alloc_box)
    rt_alloc_mem                             0x08001343   Thumb Code    62  rt_memory.o(i.rt_alloc_mem)
    rt_block                                 0x08001381   Thumb Code    48  rt_task.o(i.rt_block)
    rt_chk_robin                             0x080013b9   Thumb Code    60  rt_robin.o(i.rt_chk_robin)
    rt_dec_dly                               0x08001401   Thumb Code   102  rt_list.o(i.rt_dec_dly)
    rt_dispatch                              0x08001471   Thumb Code    60  rt_task.o(i.rt_dispatch)
    rt_evt_psh                               0x080014b5   Thumb Code    76  rt_event.o(i.rt_evt_psh)
    rt_free_box                              0x08001505   Thumb Code    44  rt_membox.o(i.rt_free_box)
    rt_free_mem                              0x08001531   Thumb Code    40  rt_memory.o(i.rt_free_mem)
    rt_get_first                             0x08001559   Thumb Code    40  rt_list.o(i.rt_get_first)
    rt_init_mem                              0x080015d1   Thumb Code    26  rt_memory.o(i.rt_init_mem)
    rt_init_robin                            0x080015ed   Thumb Code    14  rt_robin.o(i.rt_init_robin)
    rt_init_stack                            0x08001605   Thumb Code   118  hal_cm.o(i.rt_init_stack)
    rt_mbx_check                             0x08001685   Thumb Code     8  rt_mailbox.o(i.rt_mbx_check)
    rt_mbx_init                              0x0800168d   Thumb Code    26  rt_mailbox.o(i.rt_mbx_init)
    rt_mbx_psh                               0x080016a9   Thumb Code   236  rt_mailbox.o(i.rt_mbx_psh)
    rt_mbx_wait                              0x08001799   Thumb Code   174  rt_mailbox.o(i.rt_mbx_wait)
    rt_mut_release                           0x08001891   Thumb Code   208  rt_mutex.o(i.rt_mut_release)
    rt_mut_wait                              0x08001969   Thumb Code   100  rt_mutex.o(i.rt_mut_wait)
    rt_pop_req                               0x080019d1   Thumb Code   112  rt_system.o(i.rt_pop_req)
    rt_psh_req                               0x08001a4d   Thumb Code    22  rt_system.o(i.rt_psh_req)
    rt_psq_enq                               0x08001a6d   Thumb Code    88  rt_list.o(i.rt_psq_enq)
    rt_put_dly                               0x08001ac9   Thumb Code    68  rt_list.o(i.rt_put_dly)
    rt_put_prio                              0x08001b11   Thumb Code    54  rt_list.o(i.rt_put_prio)
    rt_put_rdy_first                         0x08001b49   Thumb Code    14  rt_list.o(i.rt_put_rdy_first)
    rt_resort_prio                           0x08001b5d   Thumb Code    46  rt_list.o(i.rt_resort_prio)
    rt_ret_val                               0x08001ba1   Thumb Code    12  hal_cm.o(i.rt_ret_val)
    rt_ret_val2                              0x08001bad   Thumb Code    16  hal_cm.o(i.rt_ret_val2)
    rt_rmv_dly                               0x08001bbd   Thumb Code    40  rt_list.o(i.rt_rmv_dly)
    rt_rmv_list                              0x08001be5   Thumb Code    44  rt_list.o(i.rt_rmv_list)
    rt_sem_psh                               0x08001c15   Thumb Code    48  rt_semaphore.o(i.rt_sem_psh)
    rt_stk_check                             0x08001c49   Thumb Code    28  rt_system.o(i.rt_stk_check)
    rt_switch_req                            0x08001c6d   Thumb Code    30  rt_task.o(i.rt_switch_req)
    rt_sys_init                              0x08001c95   Thumb Code   138  rt_task.o(i.rt_sys_init)
    rt_sys_start                             0x08001d61   Thumb Code   110  rt_task.o(i.rt_sys_start)
    rt_systick                               0x08001dd9   Thumb Code    50  rt_system.o(i.rt_systick)
    rt_tsk_create                            0x08001e61   Thumb Code   118  rt_task.o(i.rt_tsk_create)
    rt_tsk_delete                            0x08001ee9   Thumb Code   352  rt_task.o(i.rt_tsk_delete)
    rt_tsk_prio                              0x08002065   Thumb Code   108  rt_task.o(i.rt_tsk_prio)
    rt_tsk_self                              0x080020e1   Thumb Code    12  rt_task.o(i.rt_tsk_self)
    svcKernelInitialize                      0x080020f1   Thumb Code    80  rt_cmsis.o(i.svcKernelInitialize)
    svcKernelStart                           0x08002161   Thumb Code    62  rt_cmsis.o(i.svcKernelStart)
    svcMessageCreate                         0x080021a9   Thumb Code    36  rt_cmsis.o(i.svcMessageCreate)
    svcMessageGet                            0x080021cd   Thumb Code    58  rt_cmsis.o(i.svcMessageGet)
    svcThreadCreate                          0x08002209   Thumb Code   100  rt_cmsis.o(i.svcThreadCreate)
    svcThreadGetId                           0x08002279   Thumb Code    22  rt_cmsis.o(i.svcThreadGetId)
    svcThreadTerminate                       0x08002295   Thumb Code    50  rt_cmsis.o(i.svcThreadTerminate)
    svcTimerCall                             0x080022cd   Thumb Code    24  rt_cmsis.o(i.svcTimerCall)
    sysTimerTick                             0x080022e5   Thumb Code    84  rt_cmsis.o(i.sysTimerTick)
    _fp_init                                 0x08002341   Thumb Code    10  fpinit.o(x$fpl$fpinit)
    __fplib_config_fpu_vfp                   0x08002349   Thumb Code     0  fpinit.o(x$fpl$fpinit)
    __fplib_config_pureend_doubles           0x08002349   Thumb Code     0  fpinit.o(x$fpl$fpinit)
    os_maxtaskrun                            0x08002354   Data           2  rtx_conf_cm.o(.constdata)
    os_stackinfo                             0x08002358   Data           4  rtx_conf_cm.o(.constdata)
    os_rrobin                                0x0800235c   Data           4  rtx_conf_cm.o(.constdata)
    os_tickfreq                              0x08002360   Data           4  rtx_conf_cm.o(.constdata)
    os_tickus_i                              0x08002364   Data           2  rtx_conf_cm.o(.constdata)
    os_tickus_f                              0x08002366   Data           2  rtx_conf_cm.o(.constdata)
    os_trv                                   0x08002368   Data           4  rtx_conf_cm.o(.constdata)
    os_flags                                 0x0800236c   Data           1  rtx_conf_cm.o(.constdata)
    CMSIS_RTOS_API_Version                   0x08002370   Data           4  rtx_conf_cm.o(.constdata)
    CMSIS_RTOS_RTX_Version                   0x08002374   Data           4  rtx_conf_cm.o(.constdata)
    os_clockrate                             0x08002378   Data           4  rtx_conf_cm.o(.constdata)
    os_timernum                              0x0800237c   Data           4  rtx_conf_cm.o(.constdata)
    mp_tcb_size                              0x08002380   Data           2  rtx_conf_cm.o(.constdata)
    mp_stk_size                              0x08002384   Data           4  rtx_conf_cm.o(.constdata)
    os_stack_sz                              0x08002388   Data           4  rtx_conf_cm.o(.constdata)
    os_fifo_size                             0x0800238c   Data           1  rtx_conf_cm.o(.constdata)
    os_thread_def_osTimerThread              0x08002390   Data          16  rtx_conf_cm.o(.constdata)
    os_messageQ_def_osTimerMessageQ          0x080023a0   Data           8  rtx_conf_cm.o(.constdata)
    mp_tmr_size                              0x080023a8   Data           2  rtx_conf_cm.o(.constdata)
    APBAHBPrescTable                         0x080023aa   Data          16  stm32f7xx_hal_rcc.o(.constdata)
    Region$$Table$$Base                      0x080023bc   Number         0  anon$$obj.o(Region$$Table)
    Region$$Table$$Limit                     0x080023dc   Number         0  anon$$obj.o(Region$$Table)
    osThreadId_osTimerThread                 0x20010000   Data           4  rtx_conf_cm.o(.data)
    osMessageQId_osTimerMessageQ             0x20010004   Data           4  rtx_conf_cm.o(.data)
    os_tmr                                   0x20010008   Data           4  rtx_conf_cm.o(.data)
    m_tmr                                    0x2001000c   Data           4  rtx_conf_cm.o(.data)
    os_thread_def_main                       0x20010014   Data          16  rtx_conf_cm.o(.data)
    SystemCoreClock                          0x20010028   Data           4  system_stm32f7xx.o(.data)
    os_initialized                           0x2001002c   Data           1  rt_cmsis.o(.data)
    os_running                               0x2001002d   Data           1  rt_cmsis.o(.data)
    os_timer_head                            0x20010030   Data           4  rt_cmsis.o(.data)
    os_tsk                                   0x20010034   Data           8  rt_task.o(.data)
    os_tick_irqn                             0x20010040   Data           4  rt_system.o(.data)
    os_time                                  0x20010044   Data           4  rt_time.o(.data)
    os_robin                                 0x20010048   Data           8  rt_robin.o(.data)
    dbg_msg                                  0x20010050   Data           1  hal_cm.o(.data)
    hadc                                     0x20010054   Data          68  sensortesting.o(.bss)
    GPIO_InitStruct                          0x20010098   Data          20  sensortesting.o(.bss)
    mp_tcb                                   0x200100b0   Data         376  rtx_conf_cm.o(.bss)
    mp_stk                                   0x20010228   Data        1216  rtx_conf_cm.o(.bss)
    os_stack_mem                             0x200106e8   Data         432  rtx_conf_cm.o(.bss)
    os_fifo                                  0x20010898   Data         132  rtx_conf_cm.o(.bss)
    os_active_TCB                            0x2001091c   Data          28  rtx_conf_cm.o(.bss)
    os_messageQ_q_osTimerMessageQ            0x20010938   Data          32  rtx_conf_cm.o(.bss)
    os_idle_TCB                              0x20010c78   Data          52  rt_task.o(.bss)
    os_rdy                                   0x20010cac   Data          24  rt_list.o(.bss)
    os_dly                                   0x20010cc4   Data          24  rt_list.o(.bss)
    __libspace_start                         0x20010cdc   Data          96  libspace.o(.bss)
    __temporary_stack_top$libspace           0x20010d3c   Data           0  libspace.o(.bss)



==============================================================================

Memory Map of the image

  Image Entry point : 0x08000425

  Load Region LR_1 (Base: 0x08000000, Size: 0x00002430, Max: 0xffffffff, ABSOLUTE)

    Execution Region ER_RO (Base: 0x08000000, Size: 0x000023dc, Max: 0xffffffff, ABSOLUTE)

    Base Addr    Size         Type   Attr      Idx    E Section Name        Object

    0x08000000   0x000001c8   Data   RO         2086    RESET               startup_stm32f746xx.o
    0x080001c8   0x00000008   Code   RO         3360  * !!!main             c_w.l(__main.o)
    0x080001d0   0x00000034   Code   RO         3521    !!!scatter          c_w.l(__scatter.o)
    0x08000204   0x0000001a   Code   RO         3523    !!handler_copy      c_w.l(__scatter_copy.o)
    0x0800021e   0x00000002   PAD
    0x08000220   0x0000001c   Code   RO         3525    !!handler_zi        c_w.l(__scatter_zi.o)
    0x0800023c   0x00000002   Code   RO         3407    .ARM.Collect$$libinit$$00000000  c_w.l(libinit.o)
    0x0800023e   0x00000004   Code   RO         3418    .ARM.Collect$$libinit$$00000001  c_w.l(libinit2.o)
    0x08000242   0x00000000   Code   RO         3421    .ARM.Collect$$libinit$$00000004  c_w.l(libinit2.o)
    0x08000242   0x00000000   Code   RO         3424    .ARM.Collect$$libinit$$0000000A  c_w.l(libinit2.o)
    0x08000242   0x00000000   Code   RO         3426    .ARM.Collect$$libinit$$0000000C  c_w.l(libinit2.o)
    0x08000242   0x00000000   Code   RO         3428    .ARM.Collect$$libinit$$0000000E  c_w.l(libinit2.o)
    0x08000242   0x00000000   Code   RO         3431    .ARM.Collect$$libinit$$00000011  c_w.l(libinit2.o)
    0x08000242   0x00000000   Code   RO         3433    .ARM.Collect$$libinit$$00000013  c_w.l(libinit2.o)
    0x08000242   0x00000000   Code   RO         3435    .ARM.Collect$$libinit$$00000015  c_w.l(libinit2.o)
    0x08000242   0x00000000   Code   RO         3437    .ARM.Collect$$libinit$$00000017  c_w.l(libinit2.o)
    0x08000242   0x00000000   Code   RO         3439    .ARM.Collect$$libinit$$00000019  c_w.l(libinit2.o)
    0x08000242   0x00000000   Code   RO         3441    .ARM.Collect$$libinit$$0000001B  c_w.l(libinit2.o)
    0x08000242   0x00000000   Code   RO         3443    .ARM.Collect$$libinit$$0000001D  c_w.l(libinit2.o)
    0x08000242   0x00000000   Code   RO         3445    .ARM.Collect$$libinit$$0000001F  c_w.l(libinit2.o)
    0x08000242   0x00000000   Code   RO         3447    .ARM.Collect$$libinit$$00000021  c_w.l(libinit2.o)
    0x08000242   0x00000000   Code   RO         3449    .ARM.Collect$$libinit$$00000023  c_w.l(libinit2.o)
    0x08000242   0x00000000   Code   RO         3451    .ARM.Collect$$libinit$$00000025  c_w.l(libinit2.o)
    0x08000242   0x00000000   Code   RO         3455    .ARM.Collect$$libinit$$0000002C  c_w.l(libinit2.o)
    0x08000242   0x00000000   Code   RO         3457    .ARM.Collect$$libinit$$0000002E  c_w.l(libinit2.o)
    0x08000242   0x00000000   Code   RO         3459    .ARM.Collect$$libinit$$00000030  c_w.l(libinit2.o)
    0x08000242   0x00000000   Code   RO         3461    .ARM.Collect$$libinit$$00000032  c_w.l(libinit2.o)
    0x08000242   0x00000002   Code   RO         3462    .ARM.Collect$$libinit$$00000033  c_w.l(libinit2.o)
    0x08000244   0x00000002   Code   RO         3408    .ARM.Collect$$libshutdown$$00000000  c_w.l(libshutdown.o)
    0x08000246   0x00000000   Code   RO         3464    .ARM.Collect$$libshutdown$$00000002  c_w.l(libshutdown2.o)
    0x08000246   0x00000000   Code   RO         3466    .ARM.Collect$$libshutdown$$00000004  c_w.l(libshutdown2.o)
    0x08000246   0x00000000   Code   RO         3469    .ARM.Collect$$libshutdown$$00000007  c_w.l(libshutdown2.o)
    0x08000246   0x00000000   Code   RO         3472    .ARM.Collect$$libshutdown$$0000000A  c_w.l(libshutdown2.o)
    0x08000246   0x00000000   Code   RO         3474    .ARM.Collect$$libshutdown$$0000000C  c_w.l(libshutdown2.o)
    0x08000246   0x00000000   Code   RO         3477    .ARM.Collect$$libshutdown$$0000000F  c_w.l(libshutdown2.o)
    0x08000246   0x00000002   Code   RO         3478    .ARM.Collect$$libshutdown$$00000010  c_w.l(libshutdown2.o)
    0x08000248   0x00000000   Code   RO         3362    .ARM.Collect$$rtentry$$00000000  c_w.l(__rtentry.o)
    0x08000248   0x00000000   Code   RO         3370    .ARM.Collect$$rtentry$$00000002  c_w.l(__rtentry2.o)
    0x08000248   0x00000006   Code   RO         3382    .ARM.Collect$$rtentry$$00000004  c_w.l(__rtentry4.o)
    0x0800024e   0x00000000   Code   RO         3372    .ARM.Collect$$rtentry$$00000009  c_w.l(__rtentry2.o)
    0x0800024e   0x00000004   Code   RO         3373    .ARM.Collect$$rtentry$$0000000A  c_w.l(__rtentry2.o)
    0x08000252   0x00000008   Code   RO         3374    .ARM.Collect$$rtentry$$0000000B  c_w.l(__rtentry2.o)
    0x0800025a   0x00000008   Code   RO         3376    .ARM.Collect$$rtentry$$0000000D  c_w.l(__rtentry2.o)
    0x08000262   0x00000002   Code   RO         3363    .ARM.Collect$$rtexit$$00000000  c_w.l(rtexit.o)
    0x08000264   0x00000000   Code   RO         3385    .ARM.Collect$$rtexit$$00000002  c_w.l(rtexit2.o)
    0x08000264   0x00000004   Code   RO         3386    .ARM.Collect$$rtexit$$00000003  c_w.l(rtexit2.o)
    0x08000268   0x00000006   Code   RO         3387    .ARM.Collect$$rtexit$$00000004  c_w.l(rtexit2.o)
    0x0800026e   0x00000002   PAD
    0x08000270   0x0000001c   Code   RO          448    .emb_text           rtx_conf_cm.o
    0x0800028c   0x00000198   Code   RO         3334    .emb_text           RTX_CM4.lib(hal_cm4.o)
    0x08000424   0x00000040   Code   RO         2087  * .text               startup_stm32f746xx.o
    0x08000464   0x00000008   Code   RO         3349    .text               c_w.l(libspace.o)
    0x0800046c   0x00000012   Code   RO         3354    .text               c_w.l(exit.o)
    0x0800047e   0x00000006   Code   RO         3358    .text               c_w.l(heapauxi.o)
    0x08000484   0x0000000c   Code   RO         3393    .text               c_w.l(sys_exit.o)
    0x08000490   0x0000004a   Code   RO         3395    .text               c_w.l(sys_stackheap_outer.o)
    0x080004da   0x00000002   Code   RO         3409    .text               c_w.l(use_no_semi.o)
    0x080004dc   0x00000000   Code   RO         3411    .text               c_w.l(indicate_semi.o)
    0x080004dc   0x00000004   Code   RO         3344    SVC_TABLE           RTX_CM4.lib(svc_table.o)
    0x080004e0   0x00000178   Code   RO          673    i.ADC_Init          stm32f7xx_hal_adc.o
    0x08000658   0x00000194   Code   RO          675    i.HAL_ADC_ConfigChannel  stm32f7xx_hal_adc.o
    0x080007ec   0x00000008   Code   RO          682    i.HAL_ADC_GetValue  stm32f7xx_hal_adc.o
    0x080007f4   0x00000050   Code   RO          684    i.HAL_ADC_Init      stm32f7xx_hal_adc.o
    0x08000844   0x00000002   Code   RO          687    i.HAL_ADC_MspInit   stm32f7xx_hal_adc.o
    0x08000846   0x00000082   Code   RO          688    i.HAL_ADC_PollForConversion  stm32f7xx_hal_adc.o
    0x080008c8   0x000000c8   Code   RO          690    i.HAL_ADC_Start     stm32f7xx_hal_adc.o
    0x08000990   0x00000218   Code   RO         1194    i.HAL_GPIO_Init     stm32f7xx_hal_gpio.o
    0x08000ba8   0x0000000c   Code   RO         1198    i.HAL_GPIO_WritePin  stm32f7xx_hal_gpio.o
    0x08000bb4   0x0000000c   Code   RO          527    i.HAL_GetTick       stm32f7xx_hal.o
    0x08000bc0   0x00000028   Code   RO          529    i.HAL_Init          stm32f7xx_hal.o
    0x08000be8   0x00000024   Code   RO          530    i.HAL_InitTick      stm32f7xx_hal.o
    0x08000c0c   0x00000002   Code   RO          532    i.HAL_MspInit       stm32f7xx_hal.o
    0x08000c0e   0x0000007c   Code   RO          954    i.HAL_NVIC_SetPriority  stm32f7xx_hal_cortex.o
    0x08000c8a   0x00000002   PAD
    0x08000c8c   0x00000028   Code   RO          955    i.HAL_NVIC_SetPriorityGrouping  stm32f7xx_hal_cortex.o
    0x08000cb4   0x00000038   Code   RO         1646    i.HAL_RCC_GetHCLKFreq  stm32f7xx_hal_rcc.o
    0x08000cec   0x000000b4   Code   RO         1650    i.HAL_RCC_GetSysClockFreq  stm32f7xx_hal_rcc.o
    0x08000da0   0x00000034   Code   RO          959    i.HAL_SYSTICK_Config  stm32f7xx_hal_cortex.o
    0x08000dd4   0x00000048   Code   RO          396    i.LED_Initialize    led_746g_discovery.o
    0x08000e1c   0x00000020   Code   RO          397    i.LED_Off           led_746g_discovery.o
    0x08000e3c   0x00000020   Code   RO          398    i.LED_On            led_746g_discovery.o
    0x08000e5c   0x00000078   Code   RO            4    i.MX_ADC_Init       sensortesting.o
    0x08000ed4   0x00000040   Code   RO            5    i.MX_GPIO_Init      sensortesting.o
    0x08000f14   0x00000010   Code   RO          961    i.NVIC_GetPriorityGrouping  stm32f7xx_hal_cortex.o
    0x08000f24   0x00000028   Code   RO          962    i.NVIC_SetPriority  stm32f7xx_hal_cortex.o
    0x08000f4c   0x00000064   Code   RO         2095    i.SystemInit        system_stm32f7xx.o
    0x08000fb0   0x00000046   Code   RO         3228    i._init_box         RTX_CM4.lib(rt_membox.o)
    0x08000ff6   0x00000002   PAD
    0x08000ff8   0x00000020   Code   RO          450    i._mutex_acquire    rtx_conf_cm.o
    0x08001018   0x0000001c   Code   RO          452    i._mutex_release    rtx_conf_cm.o
    0x08001034   0x00000030   Code   RO         3281    i.dbg_init          RTX_CM4.lib(hal_cm.o)
    0x08001064   0x00000020   Code   RO         3282    i.dbg_task_notify   RTX_CM4.lib(hal_cm.o)
    0x08001084   0x00000010   Code   RO         3283    i.dbg_task_switch   RTX_CM4.lib(hal_cm.o)
    0x08001094   0x0000002a   Code   RO         2131    i.isrMessageGet     RTX_CM4.lib(rt_cmsis.o)
    0x080010be   0x0000002c   Code   RO         2132    i.isrMessagePut     RTX_CM4.lib(rt_cmsis.o)
    0x080010ea   0x00000002   PAD
    0x080010ec   0x00000052   Code   RO         3083    i.isr_mbx_receive   RTX_CM4.lib(rt_mailbox.o)
    0x0800113e   0x0000000e   Code   RO         3084    i.isr_mbx_send      RTX_CM4.lib(rt_mailbox.o)
    0x0800114c   0x00000004   Code   RO            7    i.main              sensortesting.o
    0x08001150   0x00000024   Code   RO         2136    i.osKernelInitialize  RTX_CM4.lib(rt_cmsis.o)
    0x08001174   0x0000006c   Code   RO         2138    i.osKernelStart     RTX_CM4.lib(rt_cmsis.o)
    0x080011e0   0x00000018   Code   RO         2147    i.osMessageGet      RTX_CM4.lib(rt_cmsis.o)
    0x080011f8   0x00000030   Code   RO         2164    i.osThreadCreate    RTX_CM4.lib(rt_cmsis.o)
    0x08001228   0x00000018   Code   RO         2165    i.osThreadExit      RTX_CM4.lib(rt_cmsis.o)
    0x08001240   0x0000000c   Code   RO         2171    i.osTimerCall       RTX_CM4.lib(rt_cmsis.o)
    0x0800124c   0x0000002c   Code   RO         2176    i.osTimerThread     RTX_CM4.lib(rt_cmsis.o)
    0x08001278   0x00000022   Code   RO          453    i.os_error          rtx_conf_cm.o
    0x0800129a   0x00000004   Code   RO          454    i.os_idle_demon     rtx_conf_cm.o
    0x0800129e   0x00000002   PAD
    0x080012a0   0x00000028   Code   RO         2875    i.os_tick_init      RTX_CM4.lib(rt_system.o)
    0x080012c8   0x00000002   Code   RO         2876    i.os_tick_irqack    RTX_CM4.lib(rt_system.o)
    0x080012ca   0x00000002   PAD
    0x080012cc   0x0000005c   Code   RO            8    i.photoresistorSensor  sensortesting.o
    0x08001328   0x0000001a   Code   RO         3229    i.rt_alloc_box      RTX_CM4.lib(rt_membox.o)
    0x08001342   0x0000003e   Code   RO         3257    i.rt_alloc_mem      RTX_CM4.lib(rt_memory.o)
    0x08001380   0x00000038   Code   RO         2756    i.rt_block          RTX_CM4.lib(rt_task.o)
    0x080013b8   0x00000048   Code   RO         3206    i.rt_chk_robin      RTX_CM4.lib(rt_robin.o)
    0x08001400   0x00000070   Code   RO         3007    i.rt_dec_dly        RTX_CM4.lib(rt_list.o)
    0x08001470   0x00000044   Code   RO         2757    i.rt_dispatch       RTX_CM4.lib(rt_task.o)
    0x080014b4   0x00000050   Code   RO         2968    i.rt_evt_psh        RTX_CM4.lib(rt_event.o)
    0x08001504   0x0000002c   Code   RO         3230    i.rt_free_box       RTX_CM4.lib(rt_membox.o)
    0x08001530   0x00000028   Code   RO         3258    i.rt_free_mem       RTX_CM4.lib(rt_memory.o)
    0x08001558   0x00000028   Code   RO         3008    i.rt_get_first      RTX_CM4.lib(rt_list.o)
    0x08001580   0x00000008   Code   RO         2181    i.rt_id2obj         RTX_CM4.lib(rt_cmsis.o)
    0x08001588   0x00000048   Code   RO         2758    i.rt_init_context   RTX_CM4.lib(rt_task.o)
    0x080015d0   0x0000001a   Code   RO         3259    i.rt_init_mem       RTX_CM4.lib(rt_memory.o)
    0x080015ea   0x00000002   PAD
    0x080015ec   0x00000018   Code   RO         3207    i.rt_init_robin     RTX_CM4.lib(rt_robin.o)
    0x08001604   0x00000080   Code   RO         3284    i.rt_init_stack     RTX_CM4.lib(hal_cm.o)
    0x08001684   0x00000008   Code   RO         3085    i.rt_mbx_check      RTX_CM4.lib(rt_mailbox.o)
    0x0800168c   0x0000001a   Code   RO         3086    i.rt_mbx_init       RTX_CM4.lib(rt_mailbox.o)
    0x080016a6   0x00000002   PAD
    0x080016a8   0x000000f0   Code   RO         3087    i.rt_mbx_psh        RTX_CM4.lib(rt_mailbox.o)
    0x08001798   0x000000b4   Code   RO         3089    i.rt_mbx_wait       RTX_CM4.lib(rt_mailbox.o)
    0x0800184c   0x00000044   Code   RO         2182    i.rt_ms2tick        RTX_CM4.lib(rt_cmsis.o)
    0x08001890   0x000000d8   Code   RO         2842    i.rt_mut_release    RTX_CM4.lib(rt_mutex.o)
    0x08001968   0x00000068   Code   RO         2843    i.rt_mut_wait       RTX_CM4.lib(rt_mutex.o)
    0x080019d0   0x0000007c   Code   RO         2879    i.rt_pop_req        RTX_CM4.lib(rt_system.o)
    0x08001a4c   0x00000020   Code   RO         2880    i.rt_psh_req        RTX_CM4.lib(rt_system.o)
    0x08001a6c   0x0000005c   Code   RO         3010    i.rt_psq_enq        RTX_CM4.lib(rt_list.o)
    0x08001ac8   0x00000048   Code   RO         3011    i.rt_put_dly        RTX_CM4.lib(rt_list.o)
    0x08001b10   0x00000036   Code   RO         3012    i.rt_put_prio       RTX_CM4.lib(rt_list.o)
    0x08001b46   0x00000002   PAD
    0x08001b48   0x00000014   Code   RO         3013    i.rt_put_rdy_first  RTX_CM4.lib(rt_list.o)
    0x08001b5c   0x00000034   Code   RO         3014    i.rt_resort_prio    RTX_CM4.lib(rt_list.o)
    0x08001b90   0x00000010   Code   RO         3285    i.rt_ret_regs       RTX_CM4.lib(hal_cm.o)
    0x08001ba0   0x0000000c   Code   RO         3286    i.rt_ret_val        RTX_CM4.lib(hal_cm.o)
    0x08001bac   0x00000010   Code   RO         3287    i.rt_ret_val2       RTX_CM4.lib(hal_cm.o)
    0x08001bbc   0x00000028   Code   RO         3015    i.rt_rmv_dly        RTX_CM4.lib(rt_list.o)
    0x08001be4   0x00000030   Code   RO         3016    i.rt_rmv_list       RTX_CM4.lib(rt_list.o)
    0x08001c14   0x00000034   Code   RO         3134    i.rt_sem_psh        RTX_CM4.lib(rt_semaphore.o)
    0x08001c48   0x00000024   Code   RO         2882    i.rt_stk_check      RTX_CM4.lib(rt_system.o)
    0x08001c6c   0x00000028   Code   RO         2759    i.rt_switch_req     RTX_CM4.lib(rt_task.o)
    0x08001c94   0x000000cc   Code   RO         2760    i.rt_sys_init       RTX_CM4.lib(rt_task.o)
    0x08001d60   0x00000078   Code   RO         2761    i.rt_sys_start      RTX_CM4.lib(rt_task.o)
    0x08001dd8   0x00000040   Code   RO         2884    i.rt_systick        RTX_CM4.lib(rt_system.o)
    0x08001e18   0x00000012   Code   RO         2183    i.rt_tid2ptcb       RTX_CM4.lib(rt_cmsis.o)
    0x08001e2a   0x00000002   PAD
    0x08001e2c   0x00000034   Code   RO         2184    i.rt_timer_insert   RTX_CM4.lib(rt_cmsis.o)
    0x08001e60   0x00000088   Code   RO         2762    i.rt_tsk_create     RTX_CM4.lib(rt_task.o)
    0x08001ee8   0x0000017c   Code   RO         2763    i.rt_tsk_delete     RTX_CM4.lib(rt_task.o)
    0x08002064   0x0000007c   Code   RO         2765    i.rt_tsk_prio       RTX_CM4.lib(rt_task.o)
    0x080020e0   0x00000010   Code   RO         2766    i.rt_tsk_self       RTX_CM4.lib(rt_task.o)
    0x080020f0   0x00000070   Code   RO         2187    i.svcKernelInitialize  RTX_CM4.lib(rt_cmsis.o)
    0x08002160   0x00000048   Code   RO         2189    i.svcKernelStart    RTX_CM4.lib(rt_cmsis.o)
    0x080021a8   0x00000024   Code   RO         2192    i.svcMessageCreate  RTX_CM4.lib(rt_cmsis.o)
    0x080021cc   0x0000003a   Code   RO         2193    i.svcMessageGet     RTX_CM4.lib(rt_cmsis.o)
    0x08002206   0x00000002   PAD
    0x08002208   0x00000070   Code   RO         2207    i.svcThreadCreate   RTX_CM4.lib(rt_cmsis.o)
    0x08002278   0x0000001c   Code   RO         2208    i.svcThreadGetId    RTX_CM4.lib(rt_cmsis.o)
    0x08002294   0x00000038   Code   RO         2211    i.svcThreadTerminate  RTX_CM4.lib(rt_cmsis.o)
    0x080022cc   0x00000018   Code   RO         2213    i.svcTimerCall      RTX_CM4.lib(rt_cmsis.o)
    0x080022e4   0x0000005c   Code   RO         2222    i.sysTimerTick      RTX_CM4.lib(rt_cmsis.o)
    0x08002340   0x0000000a   Code   RO         3485    x$fpl$fpinit        fz_wm.l(fpinit.o)
    0x0800234a   0x00000002   PAD
    0x0800234c   0x00000008   Data   RO          401    .constdata          led_746g_discovery.o
    0x08002354   0x00000056   Data   RO          456    .constdata          rtx_conf_cm.o
    0x080023aa   0x00000010   Data   RO         1654    .constdata          stm32f7xx_hal_rcc.o
    0x080023ba   0x00000002   PAD
    0x080023bc   0x00000020   Data   RO         3519    Region$$Table       anon$$obj.o


    Execution Region ER_RW (Base: 0x20010000, Size: 0x00000054, Max: 0xffffffff, ABSOLUTE)

    Base Addr    Size         Type   Attr      Idx    E Section Name        Object

    0x20010000   0x00000024   Data   RW          457    .data               rtx_conf_cm.o
    0x20010024   0x00000004   Data   RW          535    .data               stm32f7xx_hal.o
    0x20010028   0x00000004   Data   RW         2097    .data               system_stm32f7xx.o
    0x2001002c   0x00000008   Data   RW         2225    .data               RTX_CM4.lib(rt_cmsis.o)
    0x20010034   0x00000008   Data   RW         2768    .data               RTX_CM4.lib(rt_task.o)
    0x2001003c   0x00000008   Data   RW         2887    .data               RTX_CM4.lib(rt_system.o)
    0x20010044   0x00000004   Data   RW         3177    .data               RTX_CM4.lib(rt_time.o)
    0x20010048   0x00000008   Data   RW         3208    .data               RTX_CM4.lib(rt_robin.o)
    0x20010050   0x00000001   Data   RW         3288    .data               RTX_CM4.lib(hal_cm.o)


    Execution Region ER_ZI (Base: 0x20010054, Size: 0x000012ec, Max: 0xffffffff, ABSOLUTE)

    Base Addr    Size         Type   Attr      Idx    E Section Name        Object

    0x20010054   0x00000058   Zero   RW           10    .bss                sensortesting.o
    0x200100ac   0x00000004   PAD
    0x200100b0   0x00000bc8   Zero   RW          455    .bss                rtx_conf_cm.o
    0x20010c78   0x00000034   Zero   RW         2767    .bss                RTX_CM4.lib(rt_task.o)
    0x20010cac   0x00000030   Zero   RW         3017    .bss                RTX_CM4.lib(rt_list.o)
    0x20010cdc   0x00000060   Zero   RW         3350    .bss                c_w.l(libspace.o)
    0x20010d3c   0x00000004   PAD
    0x20010d40   0x00000200   Zero   RW         2085    HEAP                startup_stm32f746xx.o
    0x20010f40   0x00000400   Zero   RW         2084    STACK               startup_stm32f746xx.o



  Load Region LR$$.ARM.__AT_0xC0000000 (Base: 0xc0000000, Size: 0x00000000, Max: 0x0003fc00, ABSOLUTE)

    Execution Region ER$$.ARM.__AT_0xC0000000 (Base: 0xc0000000, Size: 0x0003fc00, Max: 0x0003fc00, ABSOLUTE, UNINIT)

    Base Addr    Size         Type   Attr      Idx    E Section Name        Object

    0xc0000000   0x0003fc00   Zero   RW          270    .ARM.__AT_0xC0000000  glcd_746g_discovery.o


==============================================================================

Image component sizes


      Code (inc. data)   RO Data    RW Data    ZI Data      Debug   Object Name

         0          0          0          0     261120       1668   glcd_746g_discovery.o
       136         18          8          0          0       2932   led_746g_discovery.o
       126         26         86         36       3016       9303   rtx_conf_cm.o
       280         34          0          0         88     348201   sensortesting.o
        64         26        456          0       1536        872   startup_stm32f746xx.o
        90         12          0          4          0       3394   stm32f7xx_hal.o
      1200         56          0          0          0       5724   stm32f7xx_hal_adc.o
       272         22          0          0          0      35482   stm32f7xx_hal_cortex.o
       548         52          0          0          0       2568   stm32f7xx_hal_gpio.o
       236         26         16          0          0       2303   stm32f7xx_hal_rcc.o
       100         18          0          4          0       1321   system_stm32f7xx.o

    ----------------------------------------------------------------------
      3056        290        600         44     265764     413768   Object Totals
         0          0         32          0          0          0   (incl. Generated)
         4          0          2          0          4          0   (incl. Padding)

    ----------------------------------------------------------------------

      Code (inc. data)   RO Data    RW Data    ZI Data      Debug   Library Member Name

       268         24          0          1          0       4452   hal_cm.o
       408         34          0          0          0        816   hal_cm4.o
      1118        140          0          8          0      33869   rt_cmsis.o
        80          4          0          0          0        701   rt_event.o
       530         34          0          0         48       8597   rt_list.o
       550         10          0          0          0       4185   rt_mailbox.o
       140          0          0          0          0       2045   rt_membox.o
       128          0          0          0          0       2419   rt_memory.o
       320         12          0          0          0       1699   rt_mutex.o
        96         22          0          8          0       1230   rt_robin.o
        52          4          0          0          0        613   rt_semaphore.o
       298         52          0          8          0       6439   rt_system.o
      1216        174          0          8         52      10025   rt_task.o
         0          0          0          4          0        206   rt_time.o
         4          4          0          0          0        200   svc_table.o
         8          0          0          0          0         68   __main.o
         0          0          0          0          0          0   __rtentry.o
        20          0          0          0          0          0   __rtentry2.o
         6          0          0          0          0          0   __rtentry4.o
        52          8          0          0          0          0   __scatter.o
        26          0          0          0          0          0   __scatter_copy.o
        28          0          0          0          0          0   __scatter_zi.o
        18          0          0          0          0         80   exit.o
         6          0          0          0          0        152   heapauxi.o
         0          0          0          0          0          0   indicate_semi.o
         2          0          0          0          0          0   libinit.o
         6          0          0          0          0          0   libinit2.o
         2          0          0          0          0          0   libshutdown.o
         2          0          0          0          0          0   libshutdown2.o
         8          4          0          0         96         68   libspace.o
         2          0          0          0          0          0   rtexit.o
        10          0          0          0          0          0   rtexit2.o
        12          4          0          0          0         68   sys_exit.o
        74          0          0          0          0         80   sys_stackheap_outer.o
         2          0          0          0          0         68   use_no_semi.o
        10          0          0          0          0        116   fpinit.o

    ----------------------------------------------------------------------
      5524        530          0         40        200      78196   Library Totals
        22          0          0          3          4          0   (incl. Padding)

    ----------------------------------------------------------------------

      Code (inc. data)   RO Data    RW Data    ZI Data      Debug   Library Name

      5208        514          0         37        100      77496   RTX_CM4.lib
       284         16          0          0         96        584   c_w.l
        10          0          0          0          0        116   fz_wm.l

    ----------------------------------------------------------------------
      5524        530          0         40        200      78196   Library Totals

    ----------------------------------------------------------------------

==============================================================================


      Code (inc. data)   RO Data    RW Data    ZI Data      Debug   

      8580        820        600         84     265964     482108   Grand Totals
      8580        820        600         84     265964     482108   ELF Image Totals
      8580        820        600         84          0          0   ROM Totals

==============================================================================

    Total RO  Size (Code + RO Data)                 9180 (   8.96kB)
    Total RW  Size (RW Data + ZI Data)            266048 ( 259.81kB)
    Total ROM Size (Code + RO Data + RW Data)       9264 (   9.05kB)

==============================================================================

